Archive member included to satisfy reference by file (symbol)

D:\MESH\CH592EVT\EVT\EXAM\SRC\StdPeriphDriver\libISP592.a(ISP583.o)
                              ./StdPeriphDriver/CH59x_flash.o (FLASH_EEPROM_CMD)
D:\MESH\CH592EVT\EVT\EXAM\BLE\MESH\MESH_LIB\libMESH.a(mesh_access.o)
                              ./APP/app_vendor_model_srv.o (bt_mesh_model_msg_init)
D:\MESH\CH592EVT\EVT\EXAM\BLE\MESH\MESH_LIB\libMESH.a(mesh_adapt.o)
                              D:\MESH\CH592EVT\EVT\EXAM\BLE\MESH\MESH_LIB\libMESH.a(mesh_access.o) (k_uptime_get_32)
D:\MESH\CH592EVT\EVT\EXAM\BLE\MESH\MESH_LIB\libMESH.a(mesh_adv.o)
                              D:\MESH\CH592EVT\EVT\EXAM\BLE\MESH\MESH_LIB\libMESH.a(mesh_adapt.o) (adv_conn_set_state)
D:\MESH\CH592EVT\EVT\EXAM\BLE\MESH\MESH_LIB\libMESH.a(mesh_api.o)
                              D:\MESH\CH592EVT\EVT\EXAM\BLE\MESH\MESH_LIB\libMESH.a(mesh_adv.o) (adv_buf_count_get)
D:\MESH\CH592EVT\EVT\EXAM\BLE\MESH\MESH_LIB\libMESH.a(mesh_beacon.o)
                              D:\MESH\CH592EVT\EVT\EXAM\BLE\MESH\MESH_LIB\libMESH.a(mesh_adv.o) (bt_mesh_beacon_recv)
D:\MESH\CH592EVT\EVT\EXAM\BLE\MESH\MESH_LIB\libMESH.a(mesh_buf.o)
                              D:\MESH\CH592EVT\EVT\EXAM\BLE\MESH\MESH_LIB\libMESH.a(mesh_beacon.o) (net_buf_simple_pull_mem)
D:\MESH\CH592EVT\EVT\EXAM\BLE\MESH\MESH_LIB\libMESH.a(mesh_cfg_cli.o)
                              D:\MESH\CH592EVT\EVT\EXAM\BLE\MESH\MESH_LIB\libMESH.a(mesh_access.o) (bt_mesh_cfg_cli_cb)
D:\MESH\CH592EVT\EVT\EXAM\BLE\MESH\MESH_LIB\libMESH.a(mesh_cfg_srv.o)
                              D:\MESH\CH592EVT\EVT\EXAM\BLE\MESH\MESH_LIB\libMESH.a(mesh_api.o) (_set_mesh_configserver_buf)
D:\MESH\CH592EVT\EVT\EXAM\BLE\MESH\MESH_LIB\libMESH.a(mesh_crypto.o)
                              D:\MESH\CH592EVT\EVT\EXAM\BLE\MESH\MESH_LIB\libMESH.a(mesh_beacon.o) (bt_mesh_aes_cmac)
D:\MESH\CH592EVT\EVT\EXAM\BLE\MESH\MESH_LIB\libMESH.a(mesh_friend.o)
                              D:\MESH\CH592EVT\EVT\EXAM\BLE\MESH\MESH_LIB\libMESH.a(mesh_api.o) (_set_mesh_friend_buf)
D:\MESH\CH592EVT\EVT\EXAM\BLE\MESH\MESH_LIB\libMESH.a(mesh_hal_rf.o)
                              D:\MESH\CH592EVT\EVT\EXAM\BLE\MESH\MESH_LIB\libMESH.a(mesh_adapt.o) (hal_rf_set_rx_cb)
D:\MESH\CH592EVT\EVT\EXAM\BLE\MESH\MESH_LIB\libMESH.a(mesh_health_cli.o)
                              D:\MESH\CH592EVT\EVT\EXAM\BLE\MESH\MESH_LIB\libMESH.a(mesh_access.o) (bt_mesh_health_cli_cb)
D:\MESH\CH592EVT\EVT\EXAM\BLE\MESH\MESH_LIB\libMESH.a(mesh_health_srv.o)
                              ./APP/app.o (bt_mesh_health_mod_srv_cb)
D:\MESH\CH592EVT\EVT\EXAM\BLE\MESH\MESH_LIB\libMESH.a(mesh_lpn.o)
                              D:\MESH\CH592EVT\EVT\EXAM\BLE\MESH\MESH_LIB\libMESH.a(mesh_api.o) (bt_mesh_lpn_disable)
D:\MESH\CH592EVT\EVT\EXAM\BLE\MESH\MESH_LIB\libMESH.a(mesh_mem.o)
                              D:\MESH\CH592EVT\EVT\EXAM\BLE\MESH\MESH_LIB\libMESH.a(mesh_cfg_srv.o) (get_msb_set)
D:\MESH\CH592EVT\EVT\EXAM\BLE\MESH\MESH_LIB\libMESH.a(mesh_net.o)
                              D:\MESH\CH592EVT\EVT\EXAM\BLE\MESH\MESH_LIB\libMESH.a(mesh_api.o) (_set_mesh_net_buf)
D:\MESH\CH592EVT\EVT\EXAM\BLE\MESH\MESH_LIB\libMESH.a(mesh_nvs.o)
                              D:\MESH\CH592EVT\EVT\EXAM\BLE\MESH\MESH_LIB\libMESH.a(mesh_api.o) (_set_mesh_settings_buf)
D:\MESH\CH592EVT\EVT\EXAM\BLE\MESH\MESH_LIB\libMESH.a(mesh_prov.o)
                              D:\MESH\CH592EVT\EVT\EXAM\BLE\MESH\MESH_LIB\libMESH.a(mesh_nvs.o) (bt_mesh_node_alloc)
D:\MESH\CH592EVT\EVT\EXAM\BLE\MESH\MESH_LIB\libMESH.a(mesh_proxy.o)
                              D:\MESH\CH592EVT\EVT\EXAM\BLE\MESH\MESH_LIB\libMESH.a(mesh_api.o) (_set_mesh_proxy_buf)
D:\MESH\CH592EVT\EVT\EXAM\BLE\MESH\MESH_LIB\libMESH.a(mesh_transport.o)
                              D:\MESH\CH592EVT\EVT\EXAM\BLE\MESH\MESH_LIB\libMESH.a(mesh_api.o) (_set_mesh_transport_buf)
D:\MESH\CH592EVT\EVT\EXAM\BLE\MESH\MESH_LIB\libMESH.a(mesh_work_process.o)
                              D:\MESH\CH592EVT\EVT\EXAM\BLE\MESH\MESH_LIB\libMESH.a(mesh_net.o) (k_work_init)
D:\MESH\CH592EVT\EVT\EXAM\BLE\MESH\MESH_LIB\libMESH.a(mesh_work_timer.o)
                              D:\MESH\CH592EVT\EVT\EXAM\BLE\MESH\MESH_LIB\libMESH.a(mesh_work_process.o) (z_timeout_remaining)
D:\MESH\CH592EVT\EVT\EXAM\BLE\MESH\MESH_LIB\libMESH.a(uECC.o)
                              D:\MESH\CH592EVT\EVT\EXAM\BLE\MESH\MESH_LIB\libMESH.a(mesh_crypto.o) (uECC_set_rng)
D:\MESH\CH592EVT\EVT\EXAM\BLE\LIB\libCH59xBLE.a(message.o)
                              ./HAL/MCU.o (tmos_msg_deallocate)
D:\MESH\CH592EVT\EVT\EXAM\BLE\LIB\libCH59xBLE.a(tmos.o)
                              D:\MESH\CH592EVT\EVT\EXAM\BLE\MESH\MESH_LIB\libMESH.a(mesh_adv.o) (tmos_rand)
D:\MESH\CH592EVT\EVT\EXAM\BLE\LIB\libCH59xBLE.a(tmos_hw.o)
                              D:\MESH\CH592EVT\EVT\EXAM\BLE\LIB\libCH59xBLE.a(tmos.o) (bleClock_t)
D:\MESH\CH592EVT\EVT\EXAM\BLE\LIB\libCH59xBLE.a(tmos_snv.o)
[...]
Memory Configuration

Name             Origin             Length             Attributes
FLASH            0x0000000000000000 0x0000000000070000 xr
RAM              0x0000000020000000 0x0000000000006800 xrw
*default*        0x0000000000000000 0xffffffffffffffff

Linker script and memory map

LOAD ./StdPeriphDriver/CH59x_adc.o
LOAD ./StdPeriphDriver/CH59x_clk.o
LOAD ./StdPeriphDriver/CH59x_flash.o
LOAD ./StdPeriphDriver/CH59x_gpio.o
LOAD ./StdPeriphDriver/CH59x_i2c.o
LOAD ./StdPeriphDriver/CH59x_lcd.o
LOAD ./StdPeriphDriver/CH59x_pwm.o
LOAD ./StdPeriphDriver/CH59x_pwr.o
LOAD ./StdPeriphDriver/CH59x_spi0.o
LOAD ./StdPeriphDriver/CH59x_sys.o
LOAD ./StdPeriphDriver/CH59x_timer0.o
LOAD ./StdPeriphDriver/CH59x_timer1.o
LOAD ./StdPeriphDriver/CH59x_timer2.o
LOAD ./StdPeriphDriver/CH59x_timer3.o
LOAD ./StdPeriphDriver/CH59x_uart0.o
LOAD ./StdPeriphDriver/CH59x_uart1.o
LOAD ./StdPeriphDriver/CH59x_uart2.o
LOAD ./StdPeriphDriver/CH59x_uart3.o
LOAD ./StdPeriphDriver/CH59x_usbdev.o
LOAD ./StdPeriphDriver/CH59x_usbhostBase.o
LOAD ./StdPeriphDriver/CH59x_usbhostClass.o
LOAD ./Startup/startup_CH592.o
LOAD ./RVMSIS/core_riscv.o
LOAD ./LIB/ble_task_scheduler.o
LOAD ./HAL/KEY.o
LOAD ./HAL/LED.o
LOAD ./HAL/MCU.o
LOAD ./HAL/RTC.o
LOAD ./HAL/SLEEP.o
LOAD ./APP/app.o
LOAD ./APP/app_main.o
LOAD ./APP/app_mesh_config.o
LOAD ./APP/app_vendor_model_srv.o
LOAD ./APP/ws2812.o
LOAD D:\MESH\CH592EVT\EVT\EXAM\SRC\StdPeriphDriver\libISP592.a
LOAD D:\MESH\CH592EVT\EVT\EXAM\BLE\MESH\MESH_LIB\libMESH.a
LOAD D:\MESH\CH592EVT\EVT\EXAM\BLE\LIB\libCH59xBLE.a
LOAD d:/mounriver/mounriver_studio/toolchain/risc-v embedded gcc/bin/../lib/gcc/riscv-none-embed/8.2.0/rv32imac/ilp32\libgcc.a
LOAD d:/mounriver/mounriver_studio/toolchain/risc-v embedded gcc/bin/../lib/gcc/riscv-none-embed/8.2.0/../../../../riscv-none-embed/lib/rv32imac/ilp32\libg_nano.a
LOAD d:/mounriver/mounriver_studio/toolchain/risc-v embedded gcc/bin/../lib/gcc/riscv-none-embed/8.2.0/../../../../riscv-none-embed/lib/rv32imac/ilp32\libc_nano.a
LOAD d:/mounriver/mounriver_studio/toolchain/risc-v embedded gcc/bin/../lib/gcc/riscv-none-embed/8.2.0/rv32imac/ilp32\libgcc.a
START GROUP
LOAD d:/mounriver/mounriver_studio/toolchain/risc-v embedded gcc/bin/../lib/gcc/riscv-none-embed/8.2.0/rv32imac/ilp32\libgcc.a
LOAD d:/mounriver/mounriver_studio/toolchain/risc-v embedded gcc/bin/../lib/gcc/riscv-none-embed/8.2.0/../../../../riscv-none-embed/lib/rv32imac/ilp32\libc_nano.a
LOAD d:/mounriver/mounriver_studio/toolchain/risc-v embedded gcc/bin/../lib/gcc/riscv-none-embed/8.2.0/../../../../riscv-none-embed/lib/rv32imac/ilp32\libnosys.a
END GROUP
START GROUP
LOAD d:/mounriver/mounriver_studio/toolchain/risc-v embedded gcc/bin/../lib/gcc/riscv-none-embed/8.2.0/rv32imac/ilp32\libgcc.a
LOAD d:/mounriver/mounriver_studio/toolchain/risc-v embedded gcc/bin/../lib/gcc/riscv-none-embed/8.2.0/../../../../riscv-none-embed/lib/rv32imac/ilp32\libc_nano.a
LOAD d:/mounriver/mounriver_studio/toolchain/risc-v embedded gcc/bin/../lib/gcc/riscv-none-embed/8.2.0/../../../../riscv-none-embed/lib/rv32imac/ilp32\libnosys.a
END GROUP
                0x0000000000000200                __stack_size = 0x200
                [!provide]                        PROVIDE (_stack_size = __stack_size)

.init           0x0000000000000000        0x4
                0x0000000000000000                _sinit = .
                0x0000000000000000                . = ALIGN (0x4)
 *(SORT_NONE(.init))
 .init          0x0000000000000000        0x4 ./Startup/startup_CH592.o
                0x0000000000000000                _start
                0x0000000000000004                . = ALIGN (0x4)
                0x0000000000000004                _einit = .

.highcodelalign
                0x0000000000000004        0x0
                0x0000000000000004                . = ALIGN (0x4)
                0x0000000000000004                PROVIDE (_highcode_lma = .)

.highcode       0x0000000020000000     0x1938 load address 0x0000000000000004
                0x0000000020000000                . = ALIGN (0x4)
                0x0000000020000000                PROVIDE (_highcode_vma_start = .)
 *(.vector)
 .vector        0x0000000020000000       0x90 ./Startup/startup_CH592.o
 *(SORT_NONE(.vector_handler))
 .vector_handler
                0x0000000020000090        0x2 ./Startup/startup_CH592.o
                0x0000000020000090                GPIOB_IRQHandler
                0x0000000020000090                GPIOA_IRQHandler
                0x0000000020000090                SysTick_Handler
                0x0000000020000090                NMI_Handler
                0x0000000020000090                UART1_IRQHandler
                0x0000000020000090                UART0_IRQHandler
                0x0000000020000090                BB_IRQHandler
                0x0000000020000090                Break_Point_Handler
                0x0000000020000090                TMR0_IRQHandler
                0x0000000020000090                UART2_IRQHandler
                0x0000000020000090                PWMX_IRQHandler
                0x0000000020000090                ADC_IRQHandler
                0x0000000020000090                TMR2_IRQHandler
                0x0000000020000090                USB_IRQHandler
                0x0000000020000090                I2C_IRQHandler
                0x0000000020000090                WDOG_BAT_IRQHandler
                0x0000000020000090                TMR3_IRQHandler
                0x0000000020000090                SW_Handler
                0x0000000020000090                SPI0_IRQHandler
                0x0000000020000090                UART3_IRQHandler
                0x0000000020000090                TMR1_IRQHandler
 *(.highcode)
 .highcode      0x0000000020000092       0x18 ./StdPeriphDriver/CH59x_clk.o
                0x0000000020000092                RTC_GetCycle32k
 .highcode      0x00000000200000aa      0x2b0 ./StdPeriphDriver/CH59x_sys.o
                0x00000000200000aa                SetSysClock
                0x000000002000024c                SYS_ResetExecute
                0x00000000200002a4                HardFault_Handler
                0x0000000020000324                mDelayuS
                0x0000000020000332                mDelaymS
 *fill*         0x000000002000035a        0x2 
 .highcode      0x000000002000035c       0x4e ./LIB/ble_task_scheduler.o
                0x000000002000035c                Ecall_U_Mode_Handler
                0x000000002000035c                Ecall_M_Mode_Handler
 .highcode      0x00000000200003aa       0x2e ./HAL/RTC.o
                0x00000000200003c2                RTC_IRQHandler
 .highcode      0x00000000200003d8        0xa ./APP/app_main.o
                0x00000000200003d8                Main_Circulation
 .highcode      0x00000000200003e2      0x426 D:\MESH\CH592EVT\EVT\EXAM\SRC\StdPeriphDriver\libISP592.a(ISP583.o)
                0x00000000200003e2                FLASH_ROM_BEG
                0x00000000200003f4                FLASH_ROM_END
                0x0000000020000402                FLASH_ROM_IN
                0x0000000020000410                FLASH_ROM_OUT
                0x000000002000041e                FLASH_ROM_ADDR
                0x0000000020000466                FLASH_ROM_WAIT
                0x000000002000049e                FLASH_EEPROM_CMD
 .highcode      0x0000000020000808       0x2e D:\MESH\CH592EVT\EVT\EXAM\BLE\MESH\MESH_LIB\libMESH.a(mesh_hal_rf.o)
                0x0000000020000808                RF_Wait_Tx_End
 .highcode      0x0000000020000836      0x31c D:\MESH\CH592EVT\EVT\EXAM\BLE\MESH\MESH_LIB\libMESH.a(uECC.o)
                0x00000000200008c8                uECC_vli_clear
                0x00000000200008e4                uECC_vli_isZero
                0x0000000020000906                uECC_vli_testBit
                0x000000002000091a                uECC_vli_numBits
                0x0000000020000952                uECC_vli_set
                0x0000000020000972                uECC_vli_equal
                0x00000000200009a0                uECC_vli_rshift1
                0x00000000200009c0                uECC_vli_add
                0x00000000200009fa                uECC_vli_sub
                0x0000000020000a3a                uECC_vli_cmp
                0x0000000020000a6e                uECC_vli_mult
 *(.highcode.*)
 *fill*         0x0000000020000b52        0x2 
 .highcode.LLE_IRQHandler
                0x0000000020000b54       0x86 ./LIB/ble_task_scheduler.o
                0x0000000020000b54                LLE_IRQHandler
 .highcode.tmos_memcpy
                0x0000000020000bda       0x3e D:\MESH\CH592EVT\EVT\EXAM\BLE\LIB\libCH59xBLE.a(tmos.o)
                0x0000000020000bda                tmos_memcpy
 .highcode.tmos_memset
                0x0000000020000c18       0x32 D:\MESH\CH592EVT\EVT\EXAM\BLE\LIB\libCH59xBLE.a(tmos.o)
                0x0000000020000c18                tmos_memset
 .highcode.tmos_memcmp
                0x0000000020000c4a       0x4e D:\MESH\CH592EVT\EVT\EXAM\BLE\LIB\libCH59xBLE.a(tmos.o)
                0x0000000020000c4a                tmos_memcmp
 .highcode.tmos_revmemcpy
                0x0000000020000c98       0x38 D:\MESH\CH592EVT\EVT\EXAM\BLE\LIB\libCH59xBLE.a(tmos.o)
                0x0000000020000c98                tmos_revmemcpy
 .highcode.tmos_isbufset
                0x0000000020000cd0       0x42 D:\MESH\CH592EVT\EVT\EXAM\BLE\LIB\libCH59xBLE.a(tmos.o)
                0x0000000020000cd0                tmos_isbufset
 .highcode.tmos_proces_system_time
                0x0000000020000d12      0x144 D:\MESH\CH592EVT\EVT\EXAM\BLE\LIB\libCH59xBLE.a(tmos.o)
 .highcode.ble_controller_func
                0x0000000020000e56       0x40 D:\MESH\CH592EVT\EVT\EXAM\BLE\LIB\libCH59xBLE.a(tmos.o)
                0x0000000020000e56                ble_controller_func
 .highcode.TMOS_SystemProcess
                0x0000000020000e96      0x206 D:\MESH\CH592EVT\EVT\EXAM\BLE\LIB\libCH59xBLE.a(tmos.o)
                0x0000000020000e96                TMOS_SystemProcess
 .highcode.clockGetHSEValue
                0x000000002000109c       0x36 D:\MESH\CH592EVT\EVT\EXAM\BLE\LIB\libCH59xBLE.a(tmos_hw.o)
 *fill*         0x00000000200010d2        0x2 
 .highcode.ble_controller_scheduler
                0x00000000200010d4        0xa D:\MESH\CH592EVT\EVT\EXAM\BLE\LIB\libCH59xBLE.a(ble_task_process.o)
 *fill*         0x00000000200010de        0x2 
 .highcode.LLE_IRQLibHandler
                0x00000000200010e0       0x3a D:\MESH\CH592EVT\EVT\EXAM\BLE\LIB\libCH59xBLE.a(ble_task_process.o)
                0x00000000200010e0                LLE_IRQLibHandler
 .highcode.BB_IRQLibHandler
                0x000000002000111a      0x106 D:\MESH\CH592EVT\EVT\EXAM\BLE\LIB\libCH59xBLE.a(bb.o)
                0x000000002000111a                BB_IRQLibHandler
 .highcode.BB_IRQLibFunction
                0x0000000020001220        0x6 D:\MESH\CH592EVT\EVT\EXAM\BLE\LIB\libCH59xBLE.a(bb.o)
                0x0000000020001220                BB_IRQLibFunction
 .highcode.lleIrqHandler
                0x0000000020001226      0x176 D:\MESH\CH592EVT\EVT\EXAM\BLE\LIB\libCH59xBLE.a(ip.o)
 .highcode.ll_rx_wait_finish
                0x000000002000139c       0x3e D:\MESH\CH592EVT\EVT\EXAM\BLE\LIB\libCH59xBLE.a(ip.o)
                0x000000002000139c                ll_rx_wait_finish
 .highcode.ble_ll_chkcrc
                0x00000000200013da       0x92 D:\MESH\CH592EVT\EVT\EXAM\BLE\LIB\libCH59xBLE.a(ip.o)
                0x00000000200013da                ble_ll_chkcrc
 .highcode.ll_tx_wait_finish
                0x000000002000146c      0x15c D:\MESH\CH592EVT\EVT\EXAM\BLE\LIB\libCH59xBLE.a(ip.o)
                0x000000002000146c                ll_tx_wait_finish
 .highcode.LLE_IRQSubHandler
                0x00000000200015c8       0x24 D:\MESH\CH592EVT\EVT\EXAM\BLE\LIB\libCH59xBLE.a(lle.o)
                0x00000000200015c8                LLE_IRQSubHandler
 .highcode.RF_HopGetChannel
                0x00000000200015ec       0x6e D:\MESH\CH592EVT\EVT\EXAM\BLE\LIB\libCH59xBLE.a(rf_fh.o)
                0x00000000200015ec                RF_HopGetChannel
 .highcode.RF_FrequencyHoppingGet
                0x000000002000165a       0xa8 D:\MESH\CH592EVT\EVT\EXAM\BLE\LIB\libCH59xBLE.a(rf_fh.o)
                0x000000002000165a                RF_FrequencyHoppingGet
 .highcode.RFEND_WaitTune
                0x0000000020001702       0x3a D:\MESH\CH592EVT\EVT\EXAM\BLE\LIB\libCH59xBLE.a(rfend.o)
                0x0000000020001702                RFEND_WaitTune
 .highcode.tmos_memory_allocate
                0x000000002000173c       0xf2 D:\MESH\CH592EVT\EVT\EXAM\BLE\LIB\libCH59xBLE.a(memory.o)
                0x000000002000173c                tmos_memory_allocate
 .highcode.tmos_memory_free
                0x000000002000182e      0x108 D:\MESH\CH592EVT\EVT\EXAM\BLE\LIB\libCH59xBLE.a(memory.o)
                0x000000002000182e                tmos_memory_free
                0x0000000020001938                . = ALIGN (0x4)
 *fill*         0x0000000020001936        0x2 
                0x0000000020001938                PROVIDE (_highcode_vma_end = .)

.text           0x000000000000193c    0x1bfb8
                0x000000000000193c                . = ALIGN (0x4)
 *(SORT_NONE(.handle_reset))
 .handle_reset  0x000000000000193c       0xae ./Startup/startup_CH592.o
                0x000000000000193c                handle_reset
 *(.text)
 .text          0x00000000000019ea       0x60 d:/mounriver/mounriver_studio/toolchain/risc-v embedded gcc/bin/../lib/gcc/riscv-none-embed/8.2.0/rv32imac/ilp32\libgcc.a(save-restore.o)
                0x00000000000019ea                __riscv_save_12
                0x00000000000019f2                __riscv_save_9
                0x00000000000019f2                __riscv_save_11
                0x00000000000019f2                __riscv_save_10
                0x00000000000019f2                __riscv_save_8
                0x0000000000001a00                __riscv_save_4
                0x0000000000001a00                __riscv_save_6
                0x0000000000001a00                __riscv_save_5
                0x0000000000001a00                __riscv_save_7
                0x0000000000001a1a                __riscv_save_3
                0x0000000000001a1a                __riscv_save_2
                0x0000000000001a1a                __riscv_save_1
                0x0000000000001a1a                __riscv_save_0
                0x0000000000001a26                __riscv_restore_12
                0x0000000000001a2a                __riscv_restore_11
                0x0000000000001a2a                __riscv_restore_9
                0x0000000000001a2a                __riscv_restore_10
                0x0000000000001a2a                __riscv_restore_8
                0x0000000000001a34                __riscv_restore_5
                0x0000000000001a34                __riscv_restore_7
                0x0000000000001a34                __riscv_restore_6
                0x0000000000001a34                __riscv_restore_4
                0x0000000000001a3e                __riscv_restore_3
                0x0000000000001a3e                __riscv_restore_0
                0x0000000000001a3e                __riscv_restore_2
                0x0000000000001a3e                __riscv_restore_1
 .text          0x0000000000001a4a       0xa8 d:/mounriver/mounriver_studio/toolchain/risc-v embedded gcc/bin/../lib/gcc/riscv-none-embed/8.2.0/../../../../riscv-none-embed/lib/rv32imac/ilp32\libg_nano.a(lib_a-memset.o)
                0x0000000000001a4a                memset
 .text          0x0000000000001af2      0x11e d:/mounriver/mounriver_studio/toolchain/risc-v embedded gcc/bin/../lib/gcc/riscv-none-embed/8.2.0/../../../../riscv-none-embed/lib/rv32imac/ilp32\libg_nano.a(lib_a-strcmp.o)
                0x0000000000001af2                strcmp
 *(.text.*)
 .text.ADC_InterTSSampInit
                0x0000000000001c10       0x34 ./StdPeriphDriver/CH59x_adc.o
                0x0000000000001c10                ADC_InterTSSampInit
 .text.LSECFG_Current
                0x0000000000001c44       0x4e ./StdPeriphDriver/CH59x_clk.o
                0x0000000000001c44                LSECFG_Current
 .text.RTC_InitTime
                0x0000000000001c92      0x1d0 ./StdPeriphDriver/CH59x_clk.o
                0x0000000000001c92                RTC_InitTime
 .text.Calibration_LSI
                0x0000000000001e62      0x89c ./StdPeriphDriver/CH59x_clk.o
                0x0000000000001e62                Calibration_LSI
 .text.GPIOA_ModeCfg
                0x00000000000026fe       0xa6 ./StdPeriphDriver/CH59x_gpio.o
                0x00000000000026fe                GPIOA_ModeCfg
 .text.GPIOB_ModeCfg
                0x00000000000027a4       0xa6 ./StdPeriphDriver/CH59x_gpio.o
                0x00000000000027a4                GPIOB_ModeCfg
 .text.GetSysClock
                0x000000000000284a       0x40 ./StdPeriphDriver/CH59x_sys.o
                0x000000000000284a                GetSysClock
 .text.SYS_DisableAllIrq
                0x000000000000288a       0x1c ./StdPeriphDriver/CH59x_sys.o
                0x000000000000288a                SYS_DisableAllIrq
 .text.SYS_RecoverIrq
                0x00000000000028a6       0x14 ./StdPeriphDriver/CH59x_sys.o
                0x00000000000028a6                SYS_RecoverIrq
 .text.SYS_GetSysTickCnt
                0x00000000000028ba        0xa ./StdPeriphDriver/CH59x_sys.o
                0x00000000000028ba                SYS_GetSysTickCnt
 .text._write   0x00000000000028c4       0x28 ./StdPeriphDriver/CH59x_sys.o
                0x00000000000028c4                _write
 .text._sbrk    0x00000000000028ec       0x34 ./StdPeriphDriver/CH59x_sys.o
                0x00000000000028ec                _sbrk
 .text.UART1_BaudRateCfg
                0x0000000000002920       0x30 ./StdPeriphDriver/CH59x_uart1.o
                0x0000000000002920                UART1_BaudRateCfg
 .text.UART1_DefInit
                0x0000000000002950       0x32 ./StdPeriphDriver/CH59x_uart1.o
                0x0000000000002950                UART1_DefInit
 .text.UART1_SendString
                0x0000000000002982       0x28 ./StdPeriphDriver/CH59x_uart1.o
                0x0000000000002982                UART1_SendString
 .text.HAL_KeyInit
                0x00000000000029aa       0x42 ./HAL/KEY.o
                0x00000000000029aa                HAL_KeyInit
 .text.HalKeyConfig
                0x00000000000029ec       0x12 ./HAL/KEY.o
                0x00000000000029ec                HalKeyConfig
 .text.HAL_KeyPoll
                0x00000000000029fe       0x3a ./HAL/KEY.o
                0x00000000000029fe                HAL_KeyPoll
 .text.Lib_Calibration_LSI
                0x0000000000002a38        0x6 ./HAL/MCU.o
                0x0000000000002a38                Lib_Calibration_LSI
 .text.Lib_Read_Flash
                0x0000000000002a3e       0x1c ./HAL/MCU.o
                0x0000000000002a3e                Lib_Read_Flash
 .text.Lib_Write_Flash
                0x0000000000002a5a       0x40 ./HAL/MCU.o
                0x0000000000002a5a                Lib_Write_Flash
 .text.HAL_GetInterTempValue
                0x0000000000002a9a       0x72 ./HAL/MCU.o
                0x0000000000002a9a                HAL_GetInterTempValue
 .text.HAL_ProcessEvent
                0x0000000000002b0c       0x9a ./HAL/MCU.o
                0x0000000000002b0c                HAL_ProcessEvent
 .text.CH59x_BLEInit
                0x0000000000002ba6      0x13c ./HAL/MCU.o
                0x0000000000002ba6                CH59x_BLEInit
 .text.HAL_Init
                0x0000000000002ce2       0x32 ./HAL/MCU.o
                0x0000000000002ce2                HAL_Init
 .text.HAL_TimeInit
                0x0000000000002d14       0xca ./HAL/RTC.o
                0x0000000000002d14                HAL_TimeInit
 .text.app_prov_attn_on
                0x0000000000002dde       0x2e ./APP/app.o
                0x0000000000002dde                app_prov_attn_on
 .text.app_prov_attn_off
                0x0000000000002e0c       0x2e ./APP/app.o
                0x0000000000002e0c                app_prov_attn_off
 .text.link_open
                0x0000000000002e3a       0x22 ./APP/app.o
 .text.vendor_model_srv_send
                0x0000000000002e5c       0x60 ./APP/app.o
 .text.keyPress
                0x0000000000002ebc       0x78 ./APP/app.o
                0x0000000000002ebc                keyPress
 .text.cfg_srv_rsp_handler
                0x0000000000002f34       0xf0 ./APP/app.o
 .text.prov_enable
                0x0000000000003024       0x1c ./APP/app.o
 .text.prov_reset
                0x0000000000003040       0x24 ./APP/app.o
 .text.link_close
                0x0000000000003064       0x5a ./APP/app.o
 .text.prov_complete
                0x00000000000030be       0x6e ./APP/app.o
 .text.App_ProcessEvent
                0x000000000000312c       0xbe ./APP/app.o
 .text.uint8ArrayToCharArray
                0x00000000000031ea       0x22 ./APP/app.o
                0x00000000000031ea                uint8ArrayToCharArray
 .text.vendor_model_srv_rsp_handler
                0x000000000000320c      0x262 ./APP/app.o
 .text.blemesh_on_sync
                0x000000000000346e      0x198 ./APP/app.o
                0x000000000000346e                blemesh_on_sync
 .text.App_Init
                0x0000000000003606       0x4e ./APP/app.o
                0x0000000000003606                App_Init
 .text.bt_mesh_lib_init
                0x0000000000003654       0x48 ./APP/app_main.o
                0x0000000000003654                bt_mesh_lib_init
 .text.startup.main
                0x000000000000369c       0x7a ./APP/app_main.o
                0x000000000000369c                main
 .text.flash_write_protection
                0x0000000000003716        0x4 ./APP/app_mesh_config.o
                0x0000000000003716                flash_write_protection
 .text.read_flash
                0x000000000000371a       0x1c ./APP/app_mesh_config.o
                0x000000000000371a                read_flash
 .text.erase_flash
                0x0000000000003736       0x10 ./APP/app_mesh_config.o
                0x0000000000003736                erase_flash
 .text.write_flash
                0x0000000000003746       0x34 ./APP/app_mesh_config.o
                0x0000000000003746                write_flash
 .text.vendor_message_srv_trans
                0x000000000000377a       0x5c ./APP/app_vendor_model_srv.o
 .text.vendor_message_srv_confirm
                0x00000000000037d6       0xb8 ./APP/app_vendor_model_srv.o
 .text.vendor_message_srv_write
                0x000000000000388e       0x6e ./APP/app_vendor_model_srv.o
 .text.adv_srv_trans_send
                0x00000000000038fc      0x13c ./APP/app_vendor_model_srv.o
 .text.ind_end  0x0000000000003a38       0x14 ./APP/app_vendor_model_srv.o
 .text.ind_start
                0x0000000000003a4c       0x4e ./APP/app_vendor_model_srv.o
 .text.ind_reset.constprop.5
                0x0000000000003a9a       0x30 ./APP/app_vendor_model_srv.o
 .text.vendor_srv_tid_get
                0x0000000000003aca       0x26 ./APP/app_vendor_model_srv.o
                0x0000000000003aca                vendor_srv_tid_get
 .text.vendor_message_srv_send_trans
                0x0000000000003af0       0xe4 ./APP/app_vendor_model_srv.o
                0x0000000000003af0                vendor_message_srv_send_trans
 .text.vendor_message_srv_trans_reset
                0x0000000000003bd4       0x2c ./APP/app_vendor_model_srv.o
                0x0000000000003bd4                vendor_message_srv_trans_reset
 .text.vendor_model_srv_rsp_recv
                0x0000000000003c00       0x96 ./APP/app_vendor_model_srv.o
 .text.vendor_message_srv_ack
                0x0000000000003c96       0x66 ./APP/app_vendor_model_srv.o
 .text.vendor_model_srv_ProcessEvent
                0x0000000000003cfc      0x16c ./APP/app_vendor_model_srv.o
 .text.vendor_model_srv_init
                0x0000000000003e68       0x24 ./APP/app_vendor_model_srv.o
                0x0000000000003e68                vendor_model_srv_init
 .text.Set0Code
                0x0000000000003e8c       0x22 ./APP/ws2812.o
                0x0000000000003e8c                Set0Code
 .text.Set0Code1
                0x0000000000003eae       0x22 ./APP/ws2812.o
                0x0000000000003eae                Set0Code1
 .text.Set0Code2
                0x0000000000003ed0       0x22 ./APP/ws2812.o
                0x0000000000003ed0                Set0Code2
 .text.Set1Code
                0x0000000000003ef2       0x2e ./APP/ws2812.o
                0x0000000000003ef2                Set1Code
 .text.Set1Code1
                0x0000000000003f20       0x2e ./APP/ws2812.o
                0x0000000000003f20                Set1Code1
 .text.Set1Code2
                0x0000000000003f4e       0x2e ./APP/ws2812.o
                0x0000000000003f4e                Set1Code2
 .text.SendOnePix
                0x0000000000003f7c       0x52 ./APP/ws2812.o
                0x0000000000003f7c                SendOnePix
 .text.SendOnePix1
                0x0000000000003fce       0x52 ./APP/ws2812.o
                0x0000000000003fce                SendOnePix1
 .text.SendOnePix2
                0x0000000000004020       0x52 ./APP/ws2812.o
                0x0000000000004020                SendOnePix2
 .text.SendOneFrame
                0x0000000000004072       0x2e ./APP/ws2812.o
                0x0000000000004072                SendOneFrame
 .text.SendOneFrame1
                0x00000000000040a0       0x2e ./APP/ws2812.o
                0x00000000000040a0                SendOneFrame1
 .text.SendOneFrame2
                0x00000000000040ce       0x2e ./APP/ws2812.o
                0x00000000000040ce                SendOneFrame2
 .text.chuli_proc
                0x00000000000040fc      0x2e4 ./APP/ws2812.o
                0x00000000000040fc                chuli_proc
 .text.paoma_proc
                0x00000000000043e0      0x1ba ./APP/ws2812.o
                0x00000000000043e0                paoma_proc
 .text.mod_init
                0x000000000000459a      0x104 D:\MESH\CH592EVT\EVT\EXAM\BLE\MESH\MESH_LIB\libMESH.a(mesh_access.o)
 .text.publish_start
                0x000000000000469e       0x22 D:\MESH\CH592EVT\EVT\EXAM\BLE\MESH\MESH_LIB\libMESH.a(mesh_access.o)
 .text.model_has_key.isra.0
                0x00000000000046c0       0x50 D:\MESH\CH592EVT\EVT\EXAM\BLE\MESH\MESH_LIB\libMESH.a(mesh_access.o)
 .text.model_send
                0x0000000000004710       0xba D:\MESH\CH592EVT\EVT\EXAM\BLE\MESH\MESH_LIB\libMESH.a(mesh_access.o)
 .text.bt_mesh_comp_provision
                0x00000000000047ca       0x34 D:\MESH\CH592EVT\EVT\EXAM\BLE\MESH\MESH_LIB\libMESH.a(mesh_access.o)
                0x00000000000047ca                bt_mesh_comp_provision
 .text.bt_mesh_elem_count
                0x00000000000047fe       0x10 D:\MESH\CH592EVT\EVT\EXAM\BLE\MESH\MESH_LIB\libMESH.a(mesh_access.o)
                0x00000000000047fe                bt_mesh_elem_count
 .text.bt_mesh_primary_addr
                0x000000000000480e        0xa D:\MESH\CH592EVT\EVT\EXAM\BLE\MESH\MESH_LIB\libMESH.a(mesh_access.o)
                0x000000000000480e                bt_mesh_primary_addr
 .text.bt_mesh_fixed_group_match
                0x0000000000004818       0x44 D:\MESH\CH592EVT\EVT\EXAM\BLE\MESH\MESH_LIB\libMESH.a(mesh_access.o)
                0x0000000000004818                bt_mesh_fixed_group_match
 .text.bt_mesh_model_find_group
                0x000000000000485c       0x32 D:\MESH\CH592EVT\EVT\EXAM\BLE\MESH\MESH_LIB\libMESH.a(mesh_access.o)
                0x000000000000485c                bt_mesh_model_find_group
 .text.bt_mesh_model_find_vnd
                0x000000000000488e       0x30 D:\MESH\CH592EVT\EVT\EXAM\BLE\MESH\MESH_LIB\libMESH.a(mesh_access.o)
                0x000000000000488e                bt_mesh_model_find_vnd
 .text.bt_mesh_model_find
                0x00000000000048be       0x28 D:\MESH\CH592EVT\EVT\EXAM\BLE\MESH\MESH_LIB\libMESH.a(mesh_access.o)
                0x00000000000048be                bt_mesh_model_find
 .text.bt_mesh_elem_find
                0x00000000000048e6       0x9e D:\MESH\CH592EVT\EVT\EXAM\BLE\MESH\MESH_LIB\libMESH.a(mesh_access.o)
                0x00000000000048e6                bt_mesh_elem_find
 .text.bt_mesh_model_msg_init
                0x0000000000004984       0x5a D:\MESH\CH592EVT\EVT\EXAM\BLE\MESH\MESH_LIB\libMESH.a(mesh_access.o)
                0x0000000000004984                bt_mesh_model_msg_init
 .text.bt_mesh_comp_get
                0x00000000000049de        0xc D:\MESH\CH592EVT\EVT\EXAM\BLE\MESH\MESH_LIB\libMESH.a(mesh_access.o)
                0x00000000000049de                bt_mesh_comp_get
 .text.bt_mesh_comp_register
                0x00000000000049ea       0x14 D:\MESH\CH592EVT\EVT\EXAM\BLE\MESH\MESH_LIB\libMESH.a(mesh_access.o)
                0x00000000000049ea                bt_mesh_comp_register
 .text.bt_mesh_model_elem
                0x00000000000049fe       0x16 D:\MESH\CH592EVT\EVT\EXAM\BLE\MESH\MESH_LIB\libMESH.a(mesh_access.o)
                0x00000000000049fe                bt_mesh_model_elem
 .text.publish_retransmit
                0x0000000000004a14       0xba D:\MESH\CH592EVT\EVT\EXAM\BLE\MESH\MESH_LIB\libMESH.a(mesh_access.o)
 .text.bt_mesh_model_pub_period_get
                0x0000000000004ace       0x62 D:\MESH\CH592EVT\EVT\EXAM\BLE\MESH\MESH_LIB\libMESH.a(mesh_access.o)
                0x0000000000004ace                bt_mesh_model_pub_period_get
 .text.publish_sent
                0x0000000000004b30       0x58 D:\MESH\CH592EVT\EVT\EXAM\BLE\MESH\MESH_LIB\libMESH.a(mesh_access.o)
 .text.bt_mesh_model_send
                0x0000000000004b88       0x52 D:\MESH\CH592EVT\EVT\EXAM\BLE\MESH\MESH_LIB\libMESH.a(mesh_access.o)
                0x0000000000004b88                bt_mesh_model_send
 .text.bt_mesh_model_publish
                0x0000000000004bda      0x10c D:\MESH\CH592EVT\EVT\EXAM\BLE\MESH\MESH_LIB\libMESH.a(mesh_access.o)
                0x0000000000004bda                bt_mesh_model_publish
 .text.mod_publish
                0x0000000000004ce6       0x64 D:\MESH\CH592EVT\EVT\EXAM\BLE\MESH\MESH_LIB\libMESH.a(mesh_access.o)
 .text.bt_mesh_model_recv
                0x0000000000004d4a      0x18e D:\MESH\CH592EVT\EVT\EXAM\BLE\MESH\MESH_LIB\libMESH.a(mesh_access.o)
                0x0000000000004d4a                bt_mesh_model_recv
 .text.bt_mesh_model_get
                0x0000000000004ed8       0x44 D:\MESH\CH592EVT\EVT\EXAM\BLE\MESH\MESH_LIB\libMESH.a(mesh_access.o)
                0x0000000000004ed8                bt_mesh_model_get
 .text.bt_mesh_model_foreach
                0x0000000000004f1c       0x74 D:\MESH\CH592EVT\EVT\EXAM\BLE\MESH\MESH_LIB\libMESH.a(mesh_access.o)
                0x0000000000004f1c                bt_mesh_model_foreach
 .text.bt_mesh_comp_unprovision
                0x0000000000004f90       0x1c D:\MESH\CH592EVT\EVT\EXAM\BLE\MESH\MESH_LIB\libMESH.a(mesh_access.o)
                0x0000000000004f90                bt_mesh_comp_unprovision
 .text.bt_mesh_mod_init
                0x0000000000004fac       0x22 D:\MESH\CH592EVT\EVT\EXAM\BLE\MESH\MESH_LIB\libMESH.a(mesh_access.o)
                0x0000000000004fac                bt_mesh_mod_init
 .text.bt_notify
                0x0000000000004fce       0x62 D:\MESH\CH592EVT\EVT\EXAM\BLE\MESH\MESH_LIB\libMESH.a(mesh_adapt.o)
 .text.bt_mesh_conn_unref
                0x0000000000005030        0x8 D:\MESH\CH592EVT\EVT\EXAM\BLE\MESH\MESH_LIB\libMESH.a(mesh_adapt.o)
                0x0000000000005030                bt_mesh_conn_unref
 .text.k_uptime_get
                0x0000000000005038       0x16 D:\MESH\CH592EVT\EVT\EXAM\BLE\MESH\MESH_LIB\libMESH.a(mesh_adapt.o)
                0x0000000000005038                k_uptime_get
 .text.k_uptime_get_32
                0x000000000000504e       0x14 D:\MESH\CH592EVT\EVT\EXAM\BLE\MESH\MESH_LIB\libMESH.a(mesh_adapt.o)
                0x000000000000504e                k_uptime_get_32
 .text.bt_mesh_gatt_get_mtu
                0x0000000000005062       0x10 D:\MESH\CH592EVT\EVT\EXAM\BLE\MESH\MESH_LIB\libMESH.a(mesh_adapt.o)
                0x0000000000005062                bt_mesh_gatt_get_mtu
 .text.bt_mesh_prov_notify
                0x0000000000005072       0x22 D:\MESH\CH592EVT\EVT\EXAM\BLE\MESH\MESH_LIB\libMESH.a(mesh_adapt.o)
                0x0000000000005072                bt_mesh_prov_notify
 .text.bt_mesh_gatts_disconnect
                0x0000000000005094        0xc D:\MESH\CH592EVT\EVT\EXAM\BLE\MESH\MESH_LIB\libMESH.a(mesh_adapt.o)
                0x0000000000005094                bt_mesh_gatts_disconnect
 .text.bt_mesh_prov_servive_cccd_close
                0x00000000000050a0       0x16 D:\MESH\CH592EVT\EVT\EXAM\BLE\MESH\MESH_LIB\libMESH.a(mesh_adapt.o)
                0x00000000000050a0                bt_mesh_prov_servive_cccd_close
 .text.bt_mesh_prov_service_stop
                0x00000000000050b6       0x16 D:\MESH\CH592EVT\EVT\EXAM\BLE\MESH\MESH_LIB\libMESH.a(mesh_adapt.o)
                0x00000000000050b6                bt_mesh_prov_service_stop
 .text.bt_mesh_proxy_service_cccd_close
                0x00000000000050cc       0x16 D:\MESH\CH592EVT\EVT\EXAM\BLE\MESH\MESH_LIB\libMESH.a(mesh_adapt.o)
                0x00000000000050cc                bt_mesh_proxy_service_cccd_close
 .text.bt_mesh_gatts_service_stop
                0x00000000000050e2       0x16 D:\MESH\CH592EVT\EVT\EXAM\BLE\MESH\MESH_LIB\libMESH.a(mesh_adapt.o)
                0x00000000000050e2                bt_mesh_gatts_service_stop
 .text.bt_le_scan_start
                0x00000000000050f8       0x12 D:\MESH\CH592EVT\EVT\EXAM\BLE\MESH\MESH_LIB\libMESH.a(mesh_adapt.o)
                0x00000000000050f8                bt_le_scan_start
 .text.bt_le_scan_stop
                0x000000000000510a        0xc D:\MESH\CH592EVT\EVT\EXAM\BLE\MESH\MESH_LIB\libMESH.a(mesh_adapt.o)
                0x000000000000510a                bt_le_scan_stop
 .text.adv_buf_destroy
                0x0000000000005116       0x1e D:\MESH\CH592EVT\EVT\EXAM\BLE\MESH\MESH_LIB\libMESH.a(mesh_adv.o)
 .text.adv_alloc
                0x0000000000005134       0x14 D:\MESH\CH592EVT\EVT\EXAM\BLE\MESH\MESH_LIB\libMESH.a(mesh_adv.o)
 .text.bt_mesh_scan_cb
                0x0000000000005148       0x72 D:\MESH\CH592EVT\EVT\EXAM\BLE\MESH\MESH_LIB\libMESH.a(mesh_adv.o)
 .text.adv_first_get
                0x00000000000051ba       0x2c D:\MESH\CH592EVT\EVT\EXAM\BLE\MESH\MESH_LIB\libMESH.a(mesh_adv.o)
 .text._set_mesh_bear_adv_buf
                0x00000000000051e6       0x70 D:\MESH\CH592EVT\EVT\EXAM\BLE\MESH\MESH_LIB\libMESH.a(mesh_adv.o)
                0x00000000000051e6                _set_mesh_bear_adv_buf
 .text.bt_mesh_buf_get_from_pool
                0x0000000000005256       0x16 D:\MESH\CH592EVT\EVT\EXAM\BLE\MESH\MESH_LIB\libMESH.a(mesh_adv.o)
                0x0000000000005256                bt_mesh_buf_get_from_pool
 .text.adv_buf_deinit.isra.3
                0x000000000000526c       0x30 D:\MESH\CH592EVT\EVT\EXAM\BLE\MESH\MESH_LIB\libMESH.a(mesh_adv.o)
 .text.k_adv_handler
                0x000000000000529c       0xe6 D:\MESH\CH592EVT\EVT\EXAM\BLE\MESH\MESH_LIB\libMESH.a(mesh_adv.o)
 .text.bt_mesh_adv_create_from_pool
                0x0000000000005382       0x32 D:\MESH\CH592EVT\EVT\EXAM\BLE\MESH\MESH_LIB\libMESH.a(mesh_adv.o)
                0x0000000000005382                bt_mesh_adv_create_from_pool
 .text.bt_mesh_adv_create
                0x00000000000053b4       0x8c D:\MESH\CH592EVT\EVT\EXAM\BLE\MESH\MESH_LIB\libMESH.a(mesh_adv.o)
                0x00000000000053b4                bt_mesh_adv_create
 .text.bt_mesh_adv_send
                0x0000000000005440       0xb4 D:\MESH\CH592EVT\EVT\EXAM\BLE\MESH\MESH_LIB\libMESH.a(mesh_adv.o)
                0x0000000000005440                bt_mesh_adv_send
 .text.bt_mesh_scan_enable
                0x00000000000054f4       0x18 D:\MESH\CH592EVT\EVT\EXAM\BLE\MESH\MESH_LIB\libMESH.a(mesh_adv.o)
                0x00000000000054f4                bt_mesh_scan_enable
 .text.bt_mesh_scan_disable
                0x000000000000550c        0xc D:\MESH\CH592EVT\EVT\EXAM\BLE\MESH\MESH_LIB\libMESH.a(mesh_adv.o)
                0x000000000000550c                bt_mesh_scan_disable
 .text.check_adv_need_deinit
                0x0000000000005518       0x4e D:\MESH\CH592EVT\EVT\EXAM\BLE\MESH\MESH_LIB\libMESH.a(mesh_adv.o)
                0x0000000000005518                check_adv_need_deinit
 .text.bt_mesh_adv_init
                0x0000000000005566       0x2c D:\MESH\CH592EVT\EVT\EXAM\BLE\MESH\MESH_LIB\libMESH.a(mesh_adv.o)
                0x0000000000005566                bt_mesh_adv_init
 .text.model_start
                0x0000000000005592       0x18 D:\MESH\CH592EVT\EVT\EXAM\BLE\MESH\MESH_LIB\libMESH.a(mesh_api.o)
 .text.adv_buf_count_get
                0x00000000000055aa       0x10 D:\MESH\CH592EVT\EVT\EXAM\BLE\MESH\MESH_LIB\libMESH.a(mesh_api.o)
                0x00000000000055aa                adv_buf_count_get
 .text.rpl_count_get
                0x00000000000055ba       0x10 D:\MESH\CH592EVT\EVT\EXAM\BLE\MESH\MESH_LIB\libMESH.a(mesh_api.o)
                0x00000000000055ba                rpl_count_get
 .text.allow_rpl_cycle_get
                0x00000000000055ca       0x10 D:\MESH\CH592EVT\EVT\EXAM\BLE\MESH\MESH_LIB\libMESH.a(mesh_api.o)
                0x00000000000055ca                allow_rpl_cycle_get
 .text.allow_same_addr_get
                0x00000000000055da       0x10 D:\MESH\CH592EVT\EVT\EXAM\BLE\MESH\MESH_LIB\libMESH.a(mesh_api.o)
                0x00000000000055da                allow_same_addr_get
 .text.ivu_divider_get
                0x00000000000055ea       0x10 D:\MESH\CH592EVT\EVT\EXAM\BLE\MESH\MESH_LIB\libMESH.a(mesh_api.o)
                0x00000000000055ea                ivu_divider_get
 .text.mod_key_count_get
                0x00000000000055fa       0x10 D:\MESH\CH592EVT\EVT\EXAM\BLE\MESH\MESH_LIB\libMESH.a(mesh_api.o)
                0x00000000000055fa                mod_key_count_get
 .text.mod_group_count_get
                0x000000000000560a       0x10 D:\MESH\CH592EVT\EVT\EXAM\BLE\MESH\MESH_LIB\libMESH.a(mesh_api.o)
                0x000000000000560a                mod_group_count_get
 .text.pxyfilter_count_get
                0x000000000000561a       0x10 D:\MESH\CH592EVT\EVT\EXAM\BLE\MESH\MESH_LIB\libMESH.a(mesh_api.o)
                0x000000000000561a                pxyfilter_count_get
 .text.msgcache_count_get
                0x000000000000562a       0x10 D:\MESH\CH592EVT\EVT\EXAM\BLE\MESH\MESH_LIB\libMESH.a(mesh_api.o)
                0x000000000000562a                msgcache_count_get
 .text.subnet_count_get
                0x000000000000563a       0x10 D:\MESH\CH592EVT\EVT\EXAM\BLE\MESH\MESH_LIB\libMESH.a(mesh_api.o)
                0x000000000000563a                subnet_count_get
 .text.appkey_count_get
                0x000000000000564a       0x10 D:\MESH\CH592EVT\EVT\EXAM\BLE\MESH\MESH_LIB\libMESH.a(mesh_api.o)
                0x000000000000564a                appkey_count_get
 .text.unseg_length_get
                0x000000000000565a       0x14 D:\MESH\CH592EVT\EVT\EXAM\BLE\MESH\MESH_LIB\libMESH.a(mesh_api.o)
                0x000000000000565a                unseg_length_get
 .text.txseg_max_get
                0x000000000000566e       0x10 D:\MESH\CH592EVT\EVT\EXAM\BLE\MESH\MESH_LIB\libMESH.a(mesh_api.o)
                0x000000000000566e                txseg_max_get
 .text.txseg_count_get
                0x000000000000567e       0x10 D:\MESH\CH592EVT\EVT\EXAM\BLE\MESH\MESH_LIB\libMESH.a(mesh_api.o)
                0x000000000000567e                txseg_count_get
 .text.rxseg_count_get
                0x000000000000568e       0x10 D:\MESH\CH592EVT\EVT\EXAM\BLE\MESH\MESH_LIB\libMESH.a(mesh_api.o)
                0x000000000000568e                rxseg_count_get
 .text.rxsdu_max_get
                0x000000000000569e       0x10 D:\MESH\CH592EVT\EVT\EXAM\BLE\MESH\MESH_LIB\libMESH.a(mesh_api.o)
                0x000000000000569e                rxsdu_max_get
 .text.label_count_get
                0x00000000000056ae       0x10 D:\MESH\CH592EVT\EVT\EXAM\BLE\MESH\MESH_LIB\libMESH.a(mesh_api.o)
                0x00000000000056ae                label_count_get
 .text.seq_store_rate_get
                0x00000000000056be       0x10 D:\MESH\CH592EVT\EVT\EXAM\BLE\MESH\MESH_LIB\libMESH.a(mesh_api.o)
                0x00000000000056be                seq_store_rate_get
 .text.rpl_store_rate_get
                0x00000000000056ce       0x10 D:\MESH\CH592EVT\EVT\EXAM\BLE\MESH\MESH_LIB\libMESH.a(mesh_api.o)
                0x00000000000056ce                rpl_store_rate_get
 .text.store_rate_get
                0x00000000000056de       0x10 D:\MESH\CH592EVT\EVT\EXAM\BLE\MESH\MESH_LIB\libMESH.a(mesh_api.o)
                0x00000000000056de                store_rate_get
 .text.frndseg_rx_get
                0x00000000000056ee       0x10 D:\MESH\CH592EVT\EVT\EXAM\BLE\MESH\MESH_LIB\libMESH.a(mesh_api.o)
                0x00000000000056ee                frndseg_rx_get
 .text.frndsub_size_get
                0x00000000000056fe       0x10 D:\MESH\CH592EVT\EVT\EXAM\BLE\MESH\MESH_LIB\libMESH.a(mesh_api.o)
                0x00000000000056fe                frndsub_size_get
 .text.frndlpn_count_get
                0x000000000000570e       0x10 D:\MESH\CH592EVT\EVT\EXAM\BLE\MESH\MESH_LIB\libMESH.a(mesh_api.o)
                0x000000000000570e                frndlpn_count_get
 .text.frndqueue_size_get
                0x000000000000571e       0x10 D:\MESH\CH592EVT\EVT\EXAM\BLE\MESH\MESH_LIB\libMESH.a(mesh_api.o)
                0x000000000000571e                frndqueue_size_get
 .text.lpnpoll_timeout_get
                0x000000000000572e        0xe D:\MESH\CH592EVT\EVT\EXAM\BLE\MESH\MESH_LIB\libMESH.a(mesh_api.o)
                0x000000000000572e                lpnpoll_timeout_get
 .text.lpnrecv_delay_get
                0x000000000000573c       0x10 D:\MESH\CH592EVT\EVT\EXAM\BLE\MESH\MESH_LIB\libMESH.a(mesh_api.o)
                0x000000000000573c                lpnrecv_delay_get
 .text.lpnretry_timeout_get
                0x000000000000574c       0x16 D:\MESH\CH592EVT\EVT\EXAM\BLE\MESH\MESH_LIB\libMESH.a(mesh_api.o)
                0x000000000000574c                lpnretry_timeout_get
 .text.prov_node_count_get
                0x0000000000005762       0x10 D:\MESH\CH592EVT\EVT\EXAM\BLE\MESH\MESH_LIB\libMESH.a(mesh_api.o)
                0x0000000000005762                prov_node_count_get
 .text.rf_accessAddress_get
                0x0000000000005772        0xe D:\MESH\CH592EVT\EVT\EXAM\BLE\MESH\MESH_LIB\libMESH.a(mesh_api.o)
                0x0000000000005772                rf_accessAddress_get
 .text.device_parmas_get
                0x0000000000005780        0xc D:\MESH\CH592EVT\EVT\EXAM\BLE\MESH\MESH_LIB\libMESH.a(mesh_api.o)
                0x0000000000005780                device_parmas_get
 .text.dev_mac_get
                0x000000000000578c        0xc D:\MESH\CH592EVT\EVT\EXAM\BLE\MESH\MESH_LIB\libMESH.a(mesh_api.o)
                0x000000000000578c                dev_mac_get
 .text.bt_mesh_cfg_set
                0x0000000000005798      0x24c D:\MESH\CH592EVT\EVT\EXAM\BLE\MESH\MESH_LIB\libMESH.a(mesh_api.o)
                0x0000000000005798                bt_mesh_cfg_set
 .text.bt_mesh_start
                0x00000000000059e4       0x26 D:\MESH\CH592EVT\EVT\EXAM\BLE\MESH\MESH_LIB\libMESH.a(mesh_api.o)
                0x00000000000059e4                bt_mesh_start
 .text.bt_mesh_provision
                0x0000000000005a0a       0xce D:\MESH\CH592EVT\EVT\EXAM\BLE\MESH\MESH_LIB\libMESH.a(mesh_api.o)
                0x0000000000005a0a                bt_mesh_provision
 .text.bt_mesh_reset
                0x0000000000005ad8       0xba D:\MESH\CH592EVT\EVT\EXAM\BLE\MESH\MESH_LIB\libMESH.a(mesh_api.o)
                0x0000000000005ad8                bt_mesh_reset
 .text.auth_match
                0x0000000000005b92       0x46 D:\MESH\CH592EVT\EVT\EXAM\BLE\MESH\MESH_LIB\libMESH.a(mesh_beacon.o)
 .text.unprov_send_start
                0x0000000000005bd8       0x18 D:\MESH\CH592EVT\EVT\EXAM\BLE\MESH\MESH_LIB\libMESH.a(mesh_beacon.o)
 .text.beacon_complete
                0x0000000000005bf0       0x16 D:\MESH\CH592EVT\EVT\EXAM\BLE\MESH\MESH_LIB\libMESH.a(mesh_beacon.o)
 .text.bt_mesh_beacon_create
                0x0000000000005c06       0x50 D:\MESH\CH592EVT\EVT\EXAM\BLE\MESH\MESH_LIB\libMESH.a(mesh_beacon.o)
                0x0000000000005c06                bt_mesh_beacon_create
 .text.beacon_send
                0x0000000000005c56      0x1f8 D:\MESH\CH592EVT\EVT\EXAM\BLE\MESH\MESH_LIB\libMESH.a(mesh_beacon.o)
 .text.bt_mesh_beacon_ivu_initiator
                0x0000000000005e4e       0x4a D:\MESH\CH592EVT\EVT\EXAM\BLE\MESH\MESH_LIB\libMESH.a(mesh_beacon.o)
                0x0000000000005e4e                bt_mesh_beacon_ivu_initiator
 .text.bt_mesh_subnet_find
                0x0000000000005e98       0x7e D:\MESH\CH592EVT\EVT\EXAM\BLE\MESH\MESH_LIB\libMESH.a(mesh_beacon.o)
                0x0000000000005e98                bt_mesh_subnet_find
 .text.bt_mesh_beacon_recv
                0x0000000000005f16      0x180 D:\MESH\CH592EVT\EVT\EXAM\BLE\MESH\MESH_LIB\libMESH.a(mesh_beacon.o)
                0x0000000000005f16                bt_mesh_beacon_recv
 .text.bt_mesh_beacon_enable
                0x0000000000006096       0x52 D:\MESH\CH592EVT\EVT\EXAM\BLE\MESH\MESH_LIB\libMESH.a(mesh_beacon.o)
                0x0000000000006096                bt_mesh_beacon_enable
 .text.bt_mesh_beacon_disable
                0x00000000000060e8       0x26 D:\MESH\CH592EVT\EVT\EXAM\BLE\MESH\MESH_LIB\libMESH.a(mesh_beacon.o)
                0x00000000000060e8                bt_mesh_beacon_disable
 .text.bt_mesh_beacon_init
                0x000000000000610e       0x1c D:\MESH\CH592EVT\EVT\EXAM\BLE\MESH\MESH_LIB\libMESH.a(mesh_beacon.o)
                0x000000000000610e                bt_mesh_beacon_init
 .text.generic_data_ref
                0x000000000000612a        0xe D:\MESH\CH592EVT\EVT\EXAM\BLE\MESH\MESH_LIB\libMESH.a(mesh_buf.o)
 .text.heap_data_unref
                0x0000000000006138       0x22 D:\MESH\CH592EVT\EVT\EXAM\BLE\MESH\MESH_LIB\libMESH.a(mesh_buf.o)
 .text.heap_data_alloc
                0x000000000000615a       0x1e D:\MESH\CH592EVT\EVT\EXAM\BLE\MESH\MESH_LIB\libMESH.a(mesh_buf.o)
 .text.net_buf_simple_push
                0x0000000000006178       0x14 D:\MESH\CH592EVT\EVT\EXAM\BLE\MESH\MESH_LIB\libMESH.a(mesh_buf.o)
                0x0000000000006178                net_buf_simple_push
 .text.net_buf_simple_push_be16
                0x000000000000618c       0x2c D:\MESH\CH592EVT\EVT\EXAM\BLE\MESH\MESH_LIB\libMESH.a(mesh_buf.o)
                0x000000000000618c                net_buf_simple_push_be16
 .text.net_buf_simple_push_u8
                0x00000000000061b8       0x18 D:\MESH\CH592EVT\EVT\EXAM\BLE\MESH\MESH_LIB\libMESH.a(mesh_buf.o)
                0x00000000000061b8                net_buf_simple_push_u8
 .text.net_buf_simple_pull
                0x00000000000061d0       0x14 D:\MESH\CH592EVT\EVT\EXAM\BLE\MESH\MESH_LIB\libMESH.a(mesh_buf.o)
                0x00000000000061d0                net_buf_simple_pull
 .text.net_buf_simple_pull_mem
                0x00000000000061e4       0x14 D:\MESH\CH592EVT\EVT\EXAM\BLE\MESH\MESH_LIB\libMESH.a(mesh_buf.o)
                0x00000000000061e4                net_buf_simple_pull_mem
 .text.net_buf_simple_headroom
                0x00000000000061f8        0xa D:\MESH\CH592EVT\EVT\EXAM\BLE\MESH\MESH_LIB\libMESH.a(mesh_buf.o)
                0x00000000000061f8                net_buf_simple_headroom
 .text.net_buf_simple_tailroom
                0x0000000000006202       0x18 D:\MESH\CH592EVT\EVT\EXAM\BLE\MESH\MESH_LIB\libMESH.a(mesh_buf.o)
                0x0000000000006202                net_buf_simple_tailroom
 .text.net_buf_simple_add
                0x000000000000621a       0x2a D:\MESH\CH592EVT\EVT\EXAM\BLE\MESH\MESH_LIB\libMESH.a(mesh_buf.o)
                0x000000000000621a                net_buf_simple_add
 .text.net_buf_simple_add_mem
                0x0000000000006244       0x1e D:\MESH\CH592EVT\EVT\EXAM\BLE\MESH\MESH_LIB\libMESH.a(mesh_buf.o)
                0x0000000000006244                net_buf_simple_add_mem
 .text.net_buf_simple_add_u8
                0x0000000000006262       0x14 D:\MESH\CH592EVT\EVT\EXAM\BLE\MESH\MESH_LIB\libMESH.a(mesh_buf.o)
                0x0000000000006262                net_buf_simple_add_u8
 .text.net_buf_simple_add_le16
                0x0000000000006276       0x26 D:\MESH\CH592EVT\EVT\EXAM\BLE\MESH\MESH_LIB\libMESH.a(mesh_buf.o)
                0x0000000000006276                net_buf_simple_add_le16
 .text.net_buf_simple_add_be16
                0x000000000000629c       0x2e D:\MESH\CH592EVT\EVT\EXAM\BLE\MESH\MESH_LIB\libMESH.a(mesh_buf.o)
                0x000000000000629c                net_buf_simple_add_be16
 .text.net_buf_simple_add_be32
                0x00000000000062ca       0x3e D:\MESH\CH592EVT\EVT\EXAM\BLE\MESH\MESH_LIB\libMESH.a(mesh_buf.o)
                0x00000000000062ca                net_buf_simple_add_be32
 .text.net_buf_simple_pull_u8
                0x0000000000006308       0x16 D:\MESH\CH592EVT\EVT\EXAM\BLE\MESH\MESH_LIB\libMESH.a(mesh_buf.o)
                0x0000000000006308                net_buf_simple_pull_u8
 .text.net_buf_simple_pull_le16
                0x000000000000631e       0x28 D:\MESH\CH592EVT\EVT\EXAM\BLE\MESH\MESH_LIB\libMESH.a(mesh_buf.o)
                0x000000000000631e                net_buf_simple_pull_le16
 .text.net_buf_simple_pull_be16
                0x0000000000006346       0x34 D:\MESH\CH592EVT\EVT\EXAM\BLE\MESH\MESH_LIB\libMESH.a(mesh_buf.o)
                0x0000000000006346                net_buf_simple_pull_be16
 .text.net_buf_simple_pull_be32
                0x000000000000637a       0x44 D:\MESH\CH592EVT\EVT\EXAM\BLE\MESH\MESH_LIB\libMESH.a(mesh_buf.o)
                0x000000000000637a                net_buf_simple_pull_be32
 .text.net_buf_simple_reserve
                0x00000000000063be        0x8 D:\MESH\CH592EVT\EVT\EXAM\BLE\MESH\MESH_LIB\libMESH.a(mesh_buf.o)
                0x00000000000063be                net_buf_simple_reserve
 .text.net_buf_slist_put
                0x00000000000063c6       0x24 D:\MESH\CH592EVT\EVT\EXAM\BLE\MESH\MESH_LIB\libMESH.a(mesh_buf.o)
                0x00000000000063c6                net_buf_slist_put
 .text.net_buf_slist_get
                0x00000000000063ea       0x42 D:\MESH\CH592EVT\EVT\EXAM\BLE\MESH\MESH_LIB\libMESH.a(mesh_buf.o)
                0x00000000000063ea                net_buf_slist_get
 .text.net_buf_id
                0x000000000000642c       0x1a D:\MESH\CH592EVT\EVT\EXAM\BLE\MESH\MESH_LIB\libMESH.a(mesh_buf.o)
                0x000000000000642c                net_buf_id
 .text.pool_get_buf
                0x0000000000006446        0xc D:\MESH\CH592EVT\EVT\EXAM\BLE\MESH\MESH_LIB\libMESH.a(mesh_buf.o)
                0x0000000000006446                pool_get_buf
 .text.net_buf_ref
                0x0000000000006452        0xc D:\MESH\CH592EVT\EVT\EXAM\BLE\MESH\MESH_LIB\libMESH.a(mesh_buf.o)
                0x0000000000006452                net_buf_ref
 .text.net_buf_unref
                0x000000000000645e       0x56 D:\MESH\CH592EVT\EVT\EXAM\BLE\MESH\MESH_LIB\libMESH.a(mesh_buf.o)
                0x000000000000645e                net_buf_unref
 .text.net_buf_alloc_len
                0x00000000000064b4       0x76 D:\MESH\CH592EVT\EVT\EXAM\BLE\MESH\MESH_LIB\libMESH.a(mesh_buf.o)
                0x00000000000064b4                net_buf_alloc_len
 .text.cli_reset
                0x000000000000652a       0x20 D:\MESH\CH592EVT\EVT\EXAM\BLE\MESH\MESH_LIB\libMESH.a(mesh_cfg_cli.o)
 .text.cfg_rsp_recv
                0x000000000000654a       0x30 D:\MESH\CH592EVT\EVT\EXAM\BLE\MESH\MESH_LIB\libMESH.a(mesh_cfg_cli.o)
 .text.cfg_cli_init
                0x000000000000657a       0x40 D:\MESH\CH592EVT\EVT\EXAM\BLE\MESH\MESH_LIB\libMESH.a(mesh_cfg_cli.o)
 .text.sync_handler
                0x00000000000065ba       0x2e D:\MESH\CH592EVT\EVT\EXAM\BLE\MESH\MESH_LIB\libMESH.a(mesh_cfg_cli.o)
 .text.vnd_sub_list
                0x00000000000065e8       0xb8 D:\MESH\CH592EVT\EVT\EXAM\BLE\MESH\MESH_LIB\libMESH.a(mesh_cfg_cli.o)
 .text.sig_sub_list
                0x00000000000066a0       0xb4 D:\MESH\CH592EVT\EVT\EXAM\BLE\MESH\MESH_LIB\libMESH.a(mesh_cfg_cli.o)
 .text.app_key_list
                0x0000000000006754       0xa2 D:\MESH\CH592EVT\EVT\EXAM\BLE\MESH\MESH_LIB\libMESH.a(mesh_cfg_cli.o)
 .text.vnd_app_list
                0x00000000000067f6       0xb8 D:\MESH\CH592EVT\EVT\EXAM\BLE\MESH\MESH_LIB\libMESH.a(mesh_cfg_cli.o)
 .text.sig_app_list
                0x00000000000068ae       0xb4 D:\MESH\CH592EVT\EVT\EXAM\BLE\MESH\MESH_LIB\libMESH.a(mesh_cfg_cli.o)
 .text.krp_status
                0x0000000000006962       0x48 D:\MESH\CH592EVT\EVT\EXAM\BLE\MESH\MESH_LIB\libMESH.a(mesh_cfg_cli.o)
 .text.node_id_status
                0x00000000000069aa       0x4a D:\MESH\CH592EVT\EVT\EXAM\BLE\MESH\MESH_LIB\libMESH.a(mesh_cfg_cli.o)
 .text.reset_status
                0x00000000000069f4       0x2c D:\MESH\CH592EVT\EVT\EXAM\BLE\MESH\MESH_LIB\libMESH.a(mesh_cfg_cli.o)
 .text.net_transmit
                0x0000000000006a20       0x36 D:\MESH\CH592EVT\EVT\EXAM\BLE\MESH\MESH_LIB\libMESH.a(mesh_cfg_cli.o)
 .text.lpn_polltimeout_status
                0x0000000000006a56       0x52 D:\MESH\CH592EVT\EVT\EXAM\BLE\MESH\MESH_LIB\libMESH.a(mesh_cfg_cli.o)
 .text.hb_pub_status
                0x0000000000006aa8       0x6e D:\MESH\CH592EVT\EVT\EXAM\BLE\MESH\MESH_LIB\libMESH.a(mesh_cfg_cli.o)
 .text.hb_sub_status
                0x0000000000006b16       0x72 D:\MESH\CH592EVT\EVT\EXAM\BLE\MESH\MESH_LIB\libMESH.a(mesh_cfg_cli.o)
 .text.mod_sub_status.part.13
                0x0000000000006b88       0x3e D:\MESH\CH592EVT\EVT\EXAM\BLE\MESH\MESH_LIB\libMESH.a(mesh_cfg_cli.o)
 .text.mod_sub_status
                0x0000000000006bc6       0x24 D:\MESH\CH592EVT\EVT\EXAM\BLE\MESH\MESH_LIB\libMESH.a(mesh_cfg_cli.o)
 .text.mod_pub_status
                0x0000000000006bea       0x74 D:\MESH\CH592EVT\EVT\EXAM\BLE\MESH\MESH_LIB\libMESH.a(mesh_cfg_cli.o)
 .text.mod_app_status
                0x0000000000006c5e       0x26 D:\MESH\CH592EVT\EVT\EXAM\BLE\MESH\MESH_LIB\libMESH.a(mesh_cfg_cli.o)
 .text.net_key_status
                0x0000000000006c84       0x3c D:\MESH\CH592EVT\EVT\EXAM\BLE\MESH\MESH_LIB\libMESH.a(mesh_cfg_cli.o)
 .text.relay_status
                0x0000000000006cc0       0x40 D:\MESH\CH592EVT\EVT\EXAM\BLE\MESH\MESH_LIB\libMESH.a(mesh_cfg_cli.o)
 .text.gatt_proxy_status.part.18
                0x0000000000006d00       0x18 D:\MESH\CH592EVT\EVT\EXAM\BLE\MESH\MESH_LIB\libMESH.a(mesh_cfg_cli.o)
 .text.gatt_proxy_status
                0x0000000000006d18       0x24 D:\MESH\CH592EVT\EVT\EXAM\BLE\MESH\MESH_LIB\libMESH.a(mesh_cfg_cli.o)
 .text.friend_status
                0x0000000000006d3c       0x24 D:\MESH\CH592EVT\EVT\EXAM\BLE\MESH\MESH_LIB\libMESH.a(mesh_cfg_cli.o)
 .text.ttl_status
                0x0000000000006d60       0x24 D:\MESH\CH592EVT\EVT\EXAM\BLE\MESH\MESH_LIB\libMESH.a(mesh_cfg_cli.o)
 .text.beacon_status
                0x0000000000006d84       0x24 D:\MESH\CH592EVT\EVT\EXAM\BLE\MESH\MESH_LIB\libMESH.a(mesh_cfg_cli.o)
 .text.comp_data_status
                0x0000000000006da8       0x30 D:\MESH\CH592EVT\EVT\EXAM\BLE\MESH\MESH_LIB\libMESH.a(mesh_cfg_cli.o)
 .text.app_key_status
                0x0000000000006dd8       0x40 D:\MESH\CH592EVT\EVT\EXAM\BLE\MESH\MESH_LIB\libMESH.a(mesh_cfg_cli.o)
 .text.cfg_srv_recv
                0x0000000000006e18       0x1c D:\MESH\CH592EVT\EVT\EXAM\BLE\MESH\MESH_LIB\libMESH.a(mesh_cfg_srv.o)
 .text.send_krp_status
                0x0000000000006e34       0x5a D:\MESH\CH592EVT\EVT\EXAM\BLE\MESH\MESH_LIB\libMESH.a(mesh_cfg_srv.o)
 .text.send_friend_status
                0x0000000000006e8e       0x44 D:\MESH\CH592EVT\EVT\EXAM\BLE\MESH\MESH_LIB\libMESH.a(mesh_cfg_srv.o)
 .text.friend_get
                0x0000000000006ed2       0x18 D:\MESH\CH592EVT\EVT\EXAM\BLE\MESH\MESH_LIB\libMESH.a(mesh_cfg_srv.o)
 .text.send_net_key_status
                0x0000000000006eea       0x50 D:\MESH\CH592EVT\EVT\EXAM\BLE\MESH\MESH_LIB\libMESH.a(mesh_cfg_srv.o)
 .text.krp_get  0x0000000000006f3a       0x46 D:\MESH\CH592EVT\EVT\EXAM\BLE\MESH\MESH_LIB\libMESH.a(mesh_cfg_srv.o)
 .text.node_identity_get
                0x0000000000006f80       0x82 D:\MESH\CH592EVT\EVT\EXAM\BLE\MESH\MESH_LIB\libMESH.a(mesh_cfg_srv.o)
 .text.hb_pub_send_status
                0x0000000000007002       0xbc D:\MESH\CH592EVT\EVT\EXAM\BLE\MESH\MESH_LIB\libMESH.a(mesh_cfg_srv.o)
 .text.heartbeat_pub_get
                0x00000000000070be       0x1c D:\MESH\CH592EVT\EVT\EXAM\BLE\MESH\MESH_LIB\libMESH.a(mesh_cfg_srv.o)
 .text.send_mod_sub_status
                0x00000000000070da       0x8e D:\MESH\CH592EVT\EVT\EXAM\BLE\MESH\MESH_LIB\libMESH.a(mesh_cfg_srv.o)
 .text.krp_set  0x0000000000007168       0xde D:\MESH\CH592EVT\EVT\EXAM\BLE\MESH\MESH_LIB\libMESH.a(mesh_cfg_srv.o)
 .text.lpn_timeout_get
                0x0000000000007246       0xb2 D:\MESH\CH592EVT\EVT\EXAM\BLE\MESH\MESH_LIB\libMESH.a(mesh_cfg_srv.o)
 .text.node_reset
                0x00000000000072f8       0x56 D:\MESH\CH592EVT\EVT\EXAM\BLE\MESH\MESH_LIB\libMESH.a(mesh_cfg_srv.o)
 .text.app_key_is_valid
                0x000000000000734e       0x48 D:\MESH\CH592EVT\EVT\EXAM\BLE\MESH\MESH_LIB\libMESH.a(mesh_cfg_srv.o)
 .text.va_find  0x0000000000007396       0x58 D:\MESH\CH592EVT\EVT\EXAM\BLE\MESH\MESH_LIB\libMESH.a(mesh_cfg_srv.o)
 .text.node_identity_set
                0x00000000000073ee       0xcc D:\MESH\CH592EVT\EVT\EXAM\BLE\MESH\MESH_LIB\libMESH.a(mesh_cfg_srv.o)
 .text.net_key_update
                0x00000000000074ba       0xe0 D:\MESH\CH592EVT\EVT\EXAM\BLE\MESH\MESH_LIB\libMESH.a(mesh_cfg_srv.o)
 .text.net_key_add
                0x000000000000759a       0xee D:\MESH\CH592EVT\EVT\EXAM\BLE\MESH\MESH_LIB\libMESH.a(mesh_cfg_srv.o)
 .text.mod_sub_get_vnd
                0x0000000000007688      0x13a D:\MESH\CH592EVT\EVT\EXAM\BLE\MESH\MESH_LIB\libMESH.a(mesh_cfg_srv.o)
 .text.mod_sub_get
                0x00000000000077c2      0x118 D:\MESH\CH592EVT\EVT\EXAM\BLE\MESH\MESH_LIB\libMESH.a(mesh_cfg_srv.o)
 .text.cfg_srv_init
                0x00000000000078da       0xba D:\MESH\CH592EVT\EVT\EXAM\BLE\MESH\MESH_LIB\libMESH.a(mesh_cfg_srv.o)
 .text.hb_publish
                0x0000000000007994       0x30 D:\MESH\CH592EVT\EVT\EXAM\BLE\MESH\MESH_LIB\libMESH.a(mesh_cfg_srv.o)
 .text.create_mod_app_status.isra.3
                0x00000000000079c4       0x6e D:\MESH\CH592EVT\EVT\EXAM\BLE\MESH\MESH_LIB\libMESH.a(mesh_cfg_srv.o)
 .text.friend_set
                0x0000000000007a32       0x7c D:\MESH\CH592EVT\EVT\EXAM\BLE\MESH\MESH_LIB\libMESH.a(mesh_cfg_srv.o)
 .text.get_model
                0x0000000000007aae       0x4c D:\MESH\CH592EVT\EVT\EXAM\BLE\MESH\MESH_LIB\libMESH.a(mesh_cfg_srv.o)
 .text.mod_app_get
                0x0000000000007afa      0x134 D:\MESH\CH592EVT\EVT\EXAM\BLE\MESH\MESH_LIB\libMESH.a(mesh_cfg_srv.o)
 .text.mod_app_bind
                0x0000000000007c2e      0x10a D:\MESH\CH592EVT\EVT\EXAM\BLE\MESH\MESH_LIB\libMESH.a(mesh_cfg_srv.o)
 .text.mod_sub_del
                0x0000000000007d38       0xd8 D:\MESH\CH592EVT\EVT\EXAM\BLE\MESH\MESH_LIB\libMESH.a(mesh_cfg_srv.o)
 .text.mod_sub_add
                0x0000000000007e10       0xf0 D:\MESH\CH592EVT\EVT\EXAM\BLE\MESH\MESH_LIB\libMESH.a(mesh_cfg_srv.o)
 .text.send_mod_pub_status.isra.8
                0x0000000000007f00       0xde D:\MESH\CH592EVT\EVT\EXAM\BLE\MESH\MESH_LIB\libMESH.a(mesh_cfg_srv.o)
 .text.mod_pub_get
                0x0000000000007fde       0x80 D:\MESH\CH592EVT\EVT\EXAM\BLE\MESH\MESH_LIB\libMESH.a(mesh_cfg_srv.o)
 .text.dev_comp_data_get
                0x000000000000805e      0x164 D:\MESH\CH592EVT\EVT\EXAM\BLE\MESH\MESH_LIB\libMESH.a(mesh_cfg_srv.o)
 .text.va_store
                0x00000000000081c2       0x14 D:\MESH\CH592EVT\EVT\EXAM\BLE\MESH\MESH_LIB\libMESH.a(mesh_cfg_srv.o)
 .text.va_del   0x00000000000081d6       0x36 D:\MESH\CH592EVT\EVT\EXAM\BLE\MESH\MESH_LIB\libMESH.a(mesh_cfg_srv.o)
 .text.mod_sub_va_del
                0x000000000000820c       0xe0 D:\MESH\CH592EVT\EVT\EXAM\BLE\MESH\MESH_LIB\libMESH.a(mesh_cfg_srv.o)
 .text.va_add   0x00000000000082ec       0x60 D:\MESH\CH592EVT\EVT\EXAM\BLE\MESH\MESH_LIB\libMESH.a(mesh_cfg_srv.o)
 .text.mod_sub_va_add
                0x000000000000834c      0x102 D:\MESH\CH592EVT\EVT\EXAM\BLE\MESH\MESH_LIB\libMESH.a(mesh_cfg_srv.o)
 .text.hb_pwr2.constprop.15
                0x000000000000844e       0x2a D:\MESH\CH592EVT\EVT\EXAM\BLE\MESH\MESH_LIB\libMESH.a(mesh_cfg_srv.o)
 .text.hb_start
                0x0000000000008478       0x48 D:\MESH\CH592EVT\EVT\EXAM\BLE\MESH\MESH_LIB\libMESH.a(mesh_cfg_srv.o)
 .text.heartbeat_pub_set
                0x00000000000084c0      0x12c D:\MESH\CH592EVT\EVT\EXAM\BLE\MESH\MESH_LIB\libMESH.a(mesh_cfg_srv.o)
 .text.hb_sub_send_status.constprop.13
                0x00000000000085ec       0xde D:\MESH\CH592EVT\EVT\EXAM\BLE\MESH\MESH_LIB\libMESH.a(mesh_cfg_srv.o)
 .text.heartbeat_sub_get
                0x00000000000086ca       0x18 D:\MESH\CH592EVT\EVT\EXAM\BLE\MESH\MESH_LIB\libMESH.a(mesh_cfg_srv.o)
 .text.heartbeat_sub_set
                0x00000000000086e2      0x100 D:\MESH\CH592EVT\EVT\EXAM\BLE\MESH\MESH_LIB\libMESH.a(mesh_cfg_srv.o)
 .text._set_mesh_configserver_buf
                0x00000000000087e2       0x28 D:\MESH\CH592EVT\EVT\EXAM\BLE\MESH\MESH_LIB\libMESH.a(mesh_cfg_srv.o)
                0x00000000000087e2                _set_mesh_configserver_buf
 .text.bt_mesh_relay_init
                0x000000000000880a        0xc D:\MESH\CH592EVT\EVT\EXAM\BLE\MESH\MESH_LIB\libMESH.a(mesh_cfg_srv.o)
                0x000000000000880a                bt_mesh_relay_init
 .text.bt_mesh_heartbeat
                0x0000000000008816       0x74 D:\MESH\CH592EVT\EVT\EXAM\BLE\MESH\MESH_LIB\libMESH.a(mesh_cfg_srv.o)
                0x0000000000008816                bt_mesh_heartbeat
 .text.bt_mesh_net_transmit_get
                0x000000000000888a       0x14 D:\MESH\CH592EVT\EVT\EXAM\BLE\MESH\MESH_LIB\libMESH.a(mesh_cfg_srv.o)
                0x000000000000888a                bt_mesh_net_transmit_get
 .text.net_transmit_set
                0x000000000000889e       0x70 D:\MESH\CH592EVT\EVT\EXAM\BLE\MESH\MESH_LIB\libMESH.a(mesh_cfg_srv.o)
 .text.net_transmit_get
                0x000000000000890e       0x50 D:\MESH\CH592EVT\EVT\EXAM\BLE\MESH\MESH_LIB\libMESH.a(mesh_cfg_srv.o)
 .text.bt_mesh_relay_get
                0x000000000000895e       0x14 D:\MESH\CH592EVT\EVT\EXAM\BLE\MESH\MESH_LIB\libMESH.a(mesh_cfg_srv.o)
                0x000000000000895e                bt_mesh_relay_get
 .text.bt_mesh_friend_get
                0x0000000000008972       0x14 D:\MESH\CH592EVT\EVT\EXAM\BLE\MESH\MESH_LIB\libMESH.a(mesh_cfg_srv.o)
                0x0000000000008972                bt_mesh_friend_get
 .text.bt_mesh_relay_retransmit_get
                0x0000000000008986       0x14 D:\MESH\CH592EVT\EVT\EXAM\BLE\MESH\MESH_LIB\libMESH.a(mesh_cfg_srv.o)
                0x0000000000008986                bt_mesh_relay_retransmit_get
 .text.relay_set
                0x000000000000899a       0xae D:\MESH\CH592EVT\EVT\EXAM\BLE\MESH\MESH_LIB\libMESH.a(mesh_cfg_srv.o)
 .text.relay_get
                0x0000000000008a48       0x5c D:\MESH\CH592EVT\EVT\EXAM\BLE\MESH\MESH_LIB\libMESH.a(mesh_cfg_srv.o)
 .text.bt_mesh_beacon_get
                0x0000000000008aa4       0x14 D:\MESH\CH592EVT\EVT\EXAM\BLE\MESH\MESH_LIB\libMESH.a(mesh_cfg_srv.o)
                0x0000000000008aa4                bt_mesh_beacon_get
 .text.beacon_set
                0x0000000000008ab8       0x8c D:\MESH\CH592EVT\EVT\EXAM\BLE\MESH\MESH_LIB\libMESH.a(mesh_cfg_srv.o)
 .text.beacon_get
                0x0000000000008b44       0x4e D:\MESH\CH592EVT\EVT\EXAM\BLE\MESH\MESH_LIB\libMESH.a(mesh_cfg_srv.o)
 .text.bt_mesh_gatt_proxy_get
                0x0000000000008b92       0x14 D:\MESH\CH592EVT\EVT\EXAM\BLE\MESH\MESH_LIB\libMESH.a(mesh_cfg_srv.o)
                0x0000000000008b92                bt_mesh_gatt_proxy_get
 .text.send_gatt_proxy_status
                0x0000000000008ba6       0x42 D:\MESH\CH592EVT\EVT\EXAM\BLE\MESH\MESH_LIB\libMESH.a(mesh_cfg_srv.o)
 .text.gatt_proxy_get
                0x0000000000008be8       0x18 D:\MESH\CH592EVT\EVT\EXAM\BLE\MESH\MESH_LIB\libMESH.a(mesh_cfg_srv.o)
 .text.gatt_proxy_set
                0x0000000000008c00       0x7c D:\MESH\CH592EVT\EVT\EXAM\BLE\MESH\MESH_LIB\libMESH.a(mesh_cfg_srv.o)
 .text.bt_mesh_default_ttl_get
                0x0000000000008c7c       0x14 D:\MESH\CH592EVT\EVT\EXAM\BLE\MESH\MESH_LIB\libMESH.a(mesh_cfg_srv.o)
                0x0000000000008c7c                bt_mesh_default_ttl_get
 .text.default_ttl_set
                0x0000000000008c90       0x86 D:\MESH\CH592EVT\EVT\EXAM\BLE\MESH\MESH_LIB\libMESH.a(mesh_cfg_srv.o)
 .text.default_ttl_get
                0x0000000000008d16       0x4e D:\MESH\CH592EVT\EVT\EXAM\BLE\MESH\MESH_LIB\libMESH.a(mesh_cfg_srv.o)
 .text.bt_mesh_label_uuid_get
                0x0000000000008d64       0x3a D:\MESH\CH592EVT\EVT\EXAM\BLE\MESH\MESH_LIB\libMESH.a(mesh_cfg_srv.o)
                0x0000000000008d64                bt_mesh_label_uuid_get
 .text._mod_pub_set
                0x0000000000008d9e      0x112 D:\MESH\CH592EVT\EVT\EXAM\BLE\MESH\MESH_LIB\libMESH.a(mesh_cfg_srv.o)
 .text.mod_unbind.part.11
                0x0000000000008eb0       0x66 D:\MESH\CH592EVT\EVT\EXAM\BLE\MESH\MESH_LIB\libMESH.a(mesh_cfg_srv.o)
 .text.mod_app_unbind
                0x0000000000008f16       0xc0 D:\MESH\CH592EVT\EVT\EXAM\BLE\MESH\MESH_LIB\libMESH.a(mesh_cfg_srv.o)
 .text._mod_unbind
                0x0000000000008fd6       0x2c D:\MESH\CH592EVT\EVT\EXAM\BLE\MESH\MESH_LIB\libMESH.a(mesh_cfg_srv.o)
 .text.mod_pub_va_set
                0x0000000000009002       0xfe D:\MESH\CH592EVT\EVT\EXAM\BLE\MESH\MESH_LIB\libMESH.a(mesh_cfg_srv.o)
 .text.mod_pub_set
                0x0000000000009100       0xdc D:\MESH\CH592EVT\EVT\EXAM\BLE\MESH\MESH_LIB\libMESH.a(mesh_cfg_srv.o)
 .text.mod_sub_list_clear.isra.12
                0x00000000000091dc       0x78 D:\MESH\CH592EVT\EVT\EXAM\BLE\MESH\MESH_LIB\libMESH.a(mesh_cfg_srv.o)
 .text.mod_sub_del_all
                0x0000000000009254       0xae D:\MESH\CH592EVT\EVT\EXAM\BLE\MESH\MESH_LIB\libMESH.a(mesh_cfg_srv.o)
 .text.mod_sub_va_overwrite
                0x0000000000009302       0xf0 D:\MESH\CH592EVT\EVT\EXAM\BLE\MESH\MESH_LIB\libMESH.a(mesh_cfg_srv.o)
 .text.mod_sub_overwrite
                0x00000000000093f2       0xe8 D:\MESH\CH592EVT\EVT\EXAM\BLE\MESH\MESH_LIB\libMESH.a(mesh_cfg_srv.o)
 .text.mod_reset
                0x00000000000094da       0x32 D:\MESH\CH592EVT\EVT\EXAM\BLE\MESH\MESH_LIB\libMESH.a(mesh_cfg_srv.o)
 .text.bt_mesh_hb_pub_get
                0x000000000000950c       0x14 D:\MESH\CH592EVT\EVT\EXAM\BLE\MESH\MESH_LIB\libMESH.a(mesh_cfg_srv.o)
                0x000000000000950c                bt_mesh_hb_pub_get
 .text.bt_mesh_cfg_get
                0x0000000000009520        0xc D:\MESH\CH592EVT\EVT\EXAM\BLE\MESH\MESH_LIB\libMESH.a(mesh_cfg_srv.o)
                0x0000000000009520                bt_mesh_cfg_get
 .text.key_idx_pack
                0x000000000000952c       0x2c D:\MESH\CH592EVT\EVT\EXAM\BLE\MESH\MESH_LIB\libMESH.a(mesh_cfg_srv.o)
                0x000000000000952c                key_idx_pack
 .text.net_key_get
                0x0000000000009558       0xa4 D:\MESH\CH592EVT\EVT\EXAM\BLE\MESH\MESH_LIB\libMESH.a(mesh_cfg_srv.o)
 .text.app_key_get
                0x00000000000095fc       0xd4 D:\MESH\CH592EVT\EVT\EXAM\BLE\MESH\MESH_LIB\libMESH.a(mesh_cfg_srv.o)
 .text.key_idx_unpack
                0x00000000000096d0       0x36 D:\MESH\CH592EVT\EVT\EXAM\BLE\MESH\MESH_LIB\libMESH.a(mesh_cfg_srv.o)
                0x00000000000096d0                key_idx_unpack
 .text.bt_mesh_app_key_alloc
                0x0000000000009706       0x3a D:\MESH\CH592EVT\EVT\EXAM\BLE\MESH\MESH_LIB\libMESH.a(mesh_cfg_srv.o)
                0x0000000000009706                bt_mesh_app_key_alloc
 .text.app_key_set
                0x0000000000009740       0xc4 D:\MESH\CH592EVT\EVT\EXAM\BLE\MESH\MESH_LIB\libMESH.a(mesh_cfg_srv.o)
 .text.app_key_update
                0x0000000000009804       0x88 D:\MESH\CH592EVT\EVT\EXAM\BLE\MESH\MESH_LIB\libMESH.a(mesh_cfg_srv.o)
 .text.app_key_add
                0x000000000000988c       0x86 D:\MESH\CH592EVT\EVT\EXAM\BLE\MESH\MESH_LIB\libMESH.a(mesh_cfg_srv.o)
 .text.get_label
                0x0000000000009912        0xc D:\MESH\CH592EVT\EVT\EXAM\BLE\MESH\MESH_LIB\libMESH.a(mesh_cfg_srv.o)
                0x0000000000009912                get_label
 .text.bt_mesh_app_key_del
                0x000000000000991e       0x46 D:\MESH\CH592EVT\EVT\EXAM\BLE\MESH\MESH_LIB\libMESH.a(mesh_cfg_srv.o)
                0x000000000000991e                bt_mesh_app_key_del
 .text.app_key_del
                0x0000000000009964       0xa2 D:\MESH\CH592EVT\EVT\EXAM\BLE\MESH\MESH_LIB\libMESH.a(mesh_cfg_srv.o)
 .text.bt_mesh_subnet_del
                0x0000000000009a06       0xa0 D:\MESH\CH592EVT\EVT\EXAM\BLE\MESH\MESH_LIB\libMESH.a(mesh_cfg_srv.o)
                0x0000000000009a06                bt_mesh_subnet_del
 .text.net_key_del
                0x0000000000009aa6       0x64 D:\MESH\CH592EVT\EVT\EXAM\BLE\MESH\MESH_LIB\libMESH.a(mesh_cfg_srv.o)
 .text.bt_mesh_cfg_reset
                0x0000000000009b0a       0x6c D:\MESH\CH592EVT\EVT\EXAM\BLE\MESH\MESH_LIB\libMESH.a(mesh_cfg_srv.o)
                0x0000000000009b0a                bt_mesh_cfg_reset
 .text.sys_put_be32
                0x0000000000009b76       0x22 D:\MESH\CH592EVT\EVT\EXAM\BLE\MESH\MESH_LIB\libMESH.a(mesh_crypto.o)
 .text.create_net_nonce
                0x0000000000009b98       0x4e D:\MESH\CH592EVT\EVT\EXAM\BLE\MESH\MESH_LIB\libMESH.a(mesh_crypto.o)
 .text.uECC_RNG_CB
                0x0000000000009be6       0x64 D:\MESH\CH592EVT\EVT\EXAM\BLE\MESH\MESH_LIB\libMESH.a(mesh_crypto.o)
 .text._copy    0x0000000000009c4a       0x26 D:\MESH\CH592EVT\EVT\EXAM\BLE\MESH\MESH_LIB\libMESH.a(mesh_crypto.o)
                0x0000000000009c4a                _copy
 .text.gf_double
                0x0000000000009c70       0x2e D:\MESH\CH592EVT\EVT\EXAM\BLE\MESH\MESH_LIB\libMESH.a(mesh_crypto.o)
                0x0000000000009c70                gf_double
 .text.tc_aes_encrypt
                0x0000000000009c9e       0x16 D:\MESH\CH592EVT\EVT\EXAM\BLE\MESH\MESH_LIB\libMESH.a(mesh_crypto.o)
                0x0000000000009c9e                tc_aes_encrypt
 .text.tc_aes128_set_encrypt_key
                0x0000000000009cb4       0x1e D:\MESH\CH592EVT\EVT\EXAM\BLE\MESH\MESH_LIB\libMESH.a(mesh_crypto.o)
                0x0000000000009cb4                tc_aes128_set_encrypt_key
 .text.tc_cmac_init
                0x0000000000009cd2       0x32 D:\MESH\CH592EVT\EVT\EXAM\BLE\MESH\MESH_LIB\libMESH.a(mesh_crypto.o)
                0x0000000000009cd2                tc_cmac_init
 .text.tc_cmac_setup
                0x0000000000009d04       0x60 D:\MESH\CH592EVT\EVT\EXAM\BLE\MESH\MESH_LIB\libMESH.a(mesh_crypto.o)
                0x0000000000009d04                tc_cmac_setup
 .text.bt_mesh_rand
                0x0000000000009d64       0x64 D:\MESH\CH592EVT\EVT\EXAM\BLE\MESH\MESH_LIB\libMESH.a(mesh_crypto.o)
                0x0000000000009d64                bt_mesh_rand
 .text.tc_cmac_update
                0x0000000000009dc8       0xe0 D:\MESH\CH592EVT\EVT\EXAM\BLE\MESH\MESH_LIB\libMESH.a(mesh_crypto.o)
                0x0000000000009dc8                tc_cmac_update
 .text.tc_cmac_erase
                0x0000000000009ea8       0x1a D:\MESH\CH592EVT\EVT\EXAM\BLE\MESH\MESH_LIB\libMESH.a(mesh_crypto.o)
                0x0000000000009ea8                tc_cmac_erase
 .text.tc_cmac_final
                0x0000000000009ec2       0x7c D:\MESH\CH592EVT\EVT\EXAM\BLE\MESH\MESH_LIB\libMESH.a(mesh_crypto.o)
                0x0000000000009ec2                tc_cmac_final
 .text.bt_mesh_aes_cmac
                0x0000000000009f3e       0x42 D:\MESH\CH592EVT\EVT\EXAM\BLE\MESH\MESH_LIB\libMESH.a(mesh_crypto.o)
                0x0000000000009f3e                bt_mesh_aes_cmac
 .text.bt_mesh_aes_cmac_one
                0x0000000000009f80       0x18 D:\MESH\CH592EVT\EVT\EXAM\BLE\MESH\MESH_LIB\libMESH.a(mesh_crypto.o)
 .text.bt_mesh_s1
                0x0000000000009f98       0x2c D:\MESH\CH592EVT\EVT\EXAM\BLE\MESH\MESH_LIB\libMESH.a(mesh_crypto.o)
 .text.bt_mesh_beacon_auth
                0x0000000000009fc4       0x4e D:\MESH\CH592EVT\EVT\EXAM\BLE\MESH\MESH_LIB\libMESH.a(mesh_crypto.o)
                0x0000000000009fc4                bt_mesh_beacon_auth
 .text.bt_encrypt_be
                0x000000000000a012       0x2c D:\MESH\CH592EVT\EVT\EXAM\BLE\MESH\MESH_LIB\libMESH.a(mesh_crypto.o)
                0x000000000000a012                bt_encrypt_be
 .text.bt_mesh_ccm_encrypt
                0x000000000000a03e      0x2b8 D:\MESH\CH592EVT\EVT\EXAM\BLE\MESH\MESH_LIB\libMESH.a(mesh_crypto.o)
 .text.bt_mesh_ccm_decrypt
                0x000000000000a2f6      0x2e0 D:\MESH\CH592EVT\EVT\EXAM\BLE\MESH\MESH_LIB\libMESH.a(mesh_crypto.o)
 .text.bt_mesh_net_obfuscate
                0x000000000000a5d6       0x5a D:\MESH\CH592EVT\EVT\EXAM\BLE\MESH\MESH_LIB\libMESH.a(mesh_crypto.o)
                0x000000000000a5d6                bt_mesh_net_obfuscate
 .text.bt_mesh_net_encrypt
                0x000000000000a630       0xac D:\MESH\CH592EVT\EVT\EXAM\BLE\MESH\MESH_LIB\libMESH.a(mesh_crypto.o)
                0x000000000000a630                bt_mesh_net_encrypt
 .text.bt_mesh_net_decrypt
                0x000000000000a6dc       0xa8 D:\MESH\CH592EVT\EVT\EXAM\BLE\MESH\MESH_LIB\libMESH.a(mesh_crypto.o)
                0x000000000000a6dc                bt_mesh_net_decrypt
 .text.bt_mesh_app_encrypt
                0x000000000000a784       0x8a D:\MESH\CH592EVT\EVT\EXAM\BLE\MESH\MESH_LIB\libMESH.a(mesh_crypto.o)
                0x000000000000a784                bt_mesh_app_encrypt
 .text.bt_mesh_app_decrypt
                0x000000000000a80e       0x8a D:\MESH\CH592EVT\EVT\EXAM\BLE\MESH\MESH_LIB\libMESH.a(mesh_crypto.o)
                0x000000000000a80e                bt_mesh_app_decrypt
 .text.bt_mesh_fcs_calc
                0x000000000000a898       0x2c D:\MESH\CH592EVT\EVT\EXAM\BLE\MESH\MESH_LIB\libMESH.a(mesh_crypto.o)
                0x000000000000a898                bt_mesh_fcs_calc
 .text.bt_mesh_fcs_check
                0x000000000000a8c4       0x44 D:\MESH\CH592EVT\EVT\EXAM\BLE\MESH\MESH_LIB\libMESH.a(mesh_crypto.o)
                0x000000000000a8c4                bt_mesh_fcs_check
 .text.bt_mesh_k1
                0x000000000000a908       0x30 D:\MESH\CH592EVT\EVT\EXAM\BLE\MESH\MESH_LIB\libMESH.a(mesh_crypto.o)
                0x000000000000a908                bt_mesh_k1
 .text.bt_mesh_k2
                0x000000000000a938       0xb8 D:\MESH\CH592EVT\EVT\EXAM\BLE\MESH\MESH_LIB\libMESH.a(mesh_crypto.o)
                0x000000000000a938                bt_mesh_k2
 .text.bt_mesh_k3
                0x000000000000a9f0       0x62 D:\MESH\CH592EVT\EVT\EXAM\BLE\MESH\MESH_LIB\libMESH.a(mesh_crypto.o)
                0x000000000000a9f0                bt_mesh_k3
 .text.bt_mesh_k4
                0x000000000000aa52       0x54 D:\MESH\CH592EVT\EVT\EXAM\BLE\MESH\MESH_LIB\libMESH.a(mesh_crypto.o)
                0x000000000000aa52                bt_mesh_k4
 .text.bt_mesh_prov_encrypt
                0x000000000000aaa6       0x16 D:\MESH\CH592EVT\EVT\EXAM\BLE\MESH\MESH_LIB\libMESH.a(mesh_crypto.o)
                0x000000000000aaa6                bt_mesh_prov_encrypt
 .text.bt_mesh_prov_decrypt
                0x000000000000aabc       0x16 D:\MESH\CH592EVT\EVT\EXAM\BLE\MESH\MESH_LIB\libMESH.a(mesh_crypto.o)
                0x000000000000aabc                bt_mesh_prov_decrypt
 .text.bt_mesh_id128
                0x000000000000aad2       0x2e D:\MESH\CH592EVT\EVT\EXAM\BLE\MESH\MESH_LIB\libMESH.a(mesh_crypto.o)
                0x000000000000aad2                bt_mesh_id128
 .text.bt_mesh_prov_conf
                0x000000000000ab00       0x1e D:\MESH\CH592EVT\EVT\EXAM\BLE\MESH\MESH_LIB\libMESH.a(mesh_crypto.o)
                0x000000000000ab00                bt_mesh_prov_conf
 .text.bt_mesh_prov_conf_salt
                0x000000000000ab1e       0x22 D:\MESH\CH592EVT\EVT\EXAM\BLE\MESH\MESH_LIB\libMESH.a(mesh_crypto.o)
                0x000000000000ab1e                bt_mesh_prov_conf_salt
 .text.bt_mesh_prov_conf_key
                0x000000000000ab40       0x1c D:\MESH\CH592EVT\EVT\EXAM\BLE\MESH\MESH_LIB\libMESH.a(mesh_crypto.o)
                0x000000000000ab40                bt_mesh_prov_conf_key
 .text.bt_mesh_prov_salt
                0x000000000000ab5c       0x2c D:\MESH\CH592EVT\EVT\EXAM\BLE\MESH\MESH_LIB\libMESH.a(mesh_crypto.o)
                0x000000000000ab5c                bt_mesh_prov_salt
 .text.bt_mesh_virtual_addr
                0x000000000000ab88       0x46 D:\MESH\CH592EVT\EVT\EXAM\BLE\MESH\MESH_LIB\libMESH.a(mesh_crypto.o)
                0x000000000000ab88                bt_mesh_virtual_addr
 .text.bt_mesh_pub_key_get_alt
                0x000000000000abce       0x3a D:\MESH\CH592EVT\EVT\EXAM\BLE\MESH\MESH_LIB\libMESH.a(mesh_crypto.o)
                0x000000000000abce                bt_mesh_pub_key_get_alt
 .text.bt_mesh_dh_key_gen_alt
                0x000000000000ac08       0x32 D:\MESH\CH592EVT\EVT\EXAM\BLE\MESH\MESH_LIB\libMESH.a(mesh_crypto.o)
                0x000000000000ac08                bt_mesh_dh_key_gen_alt
 .text.ble_sm_alg_ecc_init
                0x000000000000ac3a       0x20 D:\MESH\CH592EVT\EVT\EXAM\BLE\MESH\MESH_LIB\libMESH.a(mesh_crypto.o)
                0x000000000000ac3a                ble_sm_alg_ecc_init
 .text.friend_adv_alloc
                0x000000000000ac5a       0x18 D:\MESH\CH592EVT\EVT\EXAM\BLE\MESH\MESH_LIB\libMESH.a(mesh_friend.o)
 .text.purge_buffers
                0x000000000000ac72       0x2e D:\MESH\CH592EVT\EVT\EXAM\BLE\MESH\MESH_LIB\libMESH.a(mesh_friend.o)
 .text.friend_clear
                0x000000000000aca0       0x96 D:\MESH\CH592EVT\EVT\EXAM\BLE\MESH\MESH_LIB\libMESH.a(mesh_friend.o)
 .text.friend_lpn_matches
                0x000000000000ad36       0x76 D:\MESH\CH592EVT\EVT\EXAM\BLE\MESH\MESH_LIB\libMESH.a(mesh_friend.o)
 .text.create_friend_pdu.isra.10
                0x000000000000adac       0x94 D:\MESH\CH592EVT\EVT\EXAM\BLE\MESH\MESH_LIB\libMESH.a(mesh_friend.o)
 .text.encode_friend_ctl.isra.12
                0x000000000000ae40       0x56 D:\MESH\CH592EVT\EVT\EXAM\BLE\MESH\MESH_LIB\libMESH.a(mesh_friend.o)
 .text.is_seg   0x000000000000ae96       0x66 D:\MESH\CH592EVT\EVT\EXAM\BLE\MESH\MESH_LIB\libMESH.a(mesh_friend.o)
 .text.friend_queue_has_space.isra.5.part.6
                0x000000000000aefc       0x5a D:\MESH\CH592EVT\EVT\EXAM\BLE\MESH\MESH_LIB\libMESH.a(mesh_friend.o)
 .text.enqueue_update.constprop.21
                0x000000000000af56       0x9c D:\MESH\CH592EVT\EVT\EXAM\BLE\MESH\MESH_LIB\libMESH.a(mesh_friend.o)
 .text._set_mesh_friend_buf
                0x000000000000aff2       0x98 D:\MESH\CH592EVT\EVT\EXAM\BLE\MESH\MESH_LIB\libMESH.a(mesh_friend.o)
                0x000000000000aff2                _set_mesh_friend_buf
 .text.bt_mesh_friend_match
                0x000000000000b08a       0x40 D:\MESH\CH592EVT\EVT\EXAM\BLE\MESH\MESH_LIB\libMESH.a(mesh_friend.o)
                0x000000000000b08a                bt_mesh_friend_match
 .text.bt_mesh_friend_queue_has_space
                0x000000000000b0ca       0x68 D:\MESH\CH592EVT\EVT\EXAM\BLE\MESH\MESH_LIB\libMESH.a(mesh_friend.o)
                0x000000000000b0ca                bt_mesh_friend_queue_has_space
 .text.bt_mesh_friend_find
                0x000000000000b132       0x7a D:\MESH\CH592EVT\EVT\EXAM\BLE\MESH\MESH_LIB\libMESH.a(mesh_friend.o)
                0x000000000000b132                bt_mesh_friend_find
 .text.bt_mesh_friend_clear_net_idx
                0x000000000000b1ac       0x46 D:\MESH\CH592EVT\EVT\EXAM\BLE\MESH\MESH_LIB\libMESH.a(mesh_friend.o)
                0x000000000000b1ac                bt_mesh_friend_clear_net_idx
 .text.bt_mesh_friend_clear_incomplete
                0x000000000000b1f2       0x7e D:\MESH\CH592EVT\EVT\EXAM\BLE\MESH\MESH_LIB\libMESH.a(mesh_friend.o)
                0x000000000000b1f2                bt_mesh_friend_clear_incomplete
 .text.bt_mesh_friend_sec_update
                0x000000000000b270       0xcc D:\MESH\CH592EVT\EVT\EXAM\BLE\MESH\MESH_LIB\libMESH.a(mesh_friend.o)
                0x000000000000b270                bt_mesh_friend_sec_update
 .text.hal_rx_real
                0x000000000000b33c       0x32 D:\MESH\CH592EVT\EVT\EXAM\BLE\MESH\MESH_LIB\libMESH.a(mesh_hal_rf.o)
 .text.next_channel
                0x000000000000b36e       0x8a D:\MESH\CH592EVT\EVT\EXAM\BLE\MESH\MESH_LIB\libMESH.a(mesh_hal_rf.o)
 .text.rx_req_process
                0x000000000000b3f8       0x8a D:\MESH\CH592EVT\EVT\EXAM\BLE\MESH\MESH_LIB\libMESH.a(mesh_hal_rf.o)
 .text.hal_rf_ntf_cb
                0x000000000000b482       0xb6 D:\MESH\CH592EVT\EVT\EXAM\BLE\MESH\MESH_LIB\libMESH.a(mesh_hal_rf.o)
 .text.first_remove.part.3
                0x000000000000b538       0x3e D:\MESH\CH592EVT\EVT\EXAM\BLE\MESH\MESH_LIB\libMESH.a(mesh_hal_rf.o)
 .text.tx_timeout_process
                0x000000000000b576       0x4a D:\MESH\CH592EVT\EVT\EXAM\BLE\MESH\MESH_LIB\libMESH.a(mesh_hal_rf.o)
 .text.hal_rf_set_rx_cb
                0x000000000000b5c0        0xa D:\MESH\CH592EVT\EVT\EXAM\BLE\MESH\MESH_LIB\libMESH.a(mesh_hal_rf.o)
                0x000000000000b5c0                hal_rf_set_rx_cb
 .text.tx_req_process
                0x000000000000b5ca       0xd6 D:\MESH\CH592EVT\EVT\EXAM\BLE\MESH\MESH_LIB\libMESH.a(mesh_hal_rf.o)
 .text.rf_process_evt
                0x000000000000b6a0      0x1ee D:\MESH\CH592EVT\EVT\EXAM\BLE\MESH\MESH_LIB\libMESH.a(mesh_hal_rf.o)
 .text.hal_rf_init
                0x000000000000b88e       0x8a D:\MESH\CH592EVT\EVT\EXAM\BLE\MESH\MESH_LIB\libMESH.a(mesh_hal_rf.o)
                0x000000000000b88e                hal_rf_init
 .text.hal_rf_rx_start
                0x000000000000b918       0xaa D:\MESH\CH592EVT\EVT\EXAM\BLE\MESH\MESH_LIB\libMESH.a(mesh_hal_rf.o)
                0x000000000000b918                hal_rf_rx_start
 .text.hal_rf_rx_cancel
                0x000000000000b9c2       0x58 D:\MESH\CH592EVT\EVT\EXAM\BLE\MESH\MESH_LIB\libMESH.a(mesh_hal_rf.o)
                0x000000000000b9c2                hal_rf_rx_cancel
 .text.hal_rf_tx_send
                0x000000000000ba1a       0x64 D:\MESH\CH592EVT\EVT\EXAM\BLE\MESH\MESH_LIB\libMESH.a(mesh_hal_rf.o)
                0x000000000000ba1a                hal_rf_tx_send
 .text.cli_reset
                0x000000000000ba7e       0x20 D:\MESH\CH592EVT\EVT\EXAM\BLE\MESH\MESH_LIB\libMESH.a(mesh_health_cli.o)
 .text.cfg_rsp_recv
                0x000000000000ba9e       0x30 D:\MESH\CH592EVT\EVT\EXAM\BLE\MESH\MESH_LIB\libMESH.a(mesh_health_cli.o)
 .text.health_current_status
                0x000000000000bace       0x3c D:\MESH\CH592EVT\EVT\EXAM\BLE\MESH\MESH_LIB\libMESH.a(mesh_health_cli.o)
 .text.health_cli_init
                0x000000000000bb0a       0x38 D:\MESH\CH592EVT\EVT\EXAM\BLE\MESH\MESH_LIB\libMESH.a(mesh_health_cli.o)
 .text.sync_handler
                0x000000000000bb42       0x20 D:\MESH\CH592EVT\EVT\EXAM\BLE\MESH\MESH_LIB\libMESH.a(mesh_health_cli.o)
 .text.health_attention_status
                0x000000000000bb62       0x34 D:\MESH\CH592EVT\EVT\EXAM\BLE\MESH\MESH_LIB\libMESH.a(mesh_health_cli.o)
 .text.health_period_status
                0x000000000000bb96       0x36 D:\MESH\CH592EVT\EVT\EXAM\BLE\MESH\MESH_LIB\libMESH.a(mesh_health_cli.o)
 .text.health_fault_status
                0x000000000000bbcc       0x48 D:\MESH\CH592EVT\EVT\EXAM\BLE\MESH\MESH_LIB\libMESH.a(mesh_health_cli.o)
 .text.attention_off
                0x000000000000bc14       0x20 D:\MESH\CH592EVT\EVT\EXAM\BLE\MESH\MESH_LIB\libMESH.a(mesh_health_srv.o)
 .text.health_period_set_unack
                0x000000000000bc34       0x28 D:\MESH\CH592EVT\EVT\EXAM\BLE\MESH\MESH_LIB\libMESH.a(mesh_health_srv.o)
 .text.send_attention_status
                0x000000000000bc5c       0x56 D:\MESH\CH592EVT\EVT\EXAM\BLE\MESH\MESH_LIB\libMESH.a(mesh_health_srv.o)
 .text.attention_get
                0x000000000000bcb2        0xc D:\MESH\CH592EVT\EVT\EXAM\BLE\MESH\MESH_LIB\libMESH.a(mesh_health_srv.o)
 .text.send_health_period_status
                0x000000000000bcbe       0x46 D:\MESH\CH592EVT\EVT\EXAM\BLE\MESH\MESH_LIB\libMESH.a(mesh_health_srv.o)
 .text.health_period_set
                0x000000000000bd04       0x18 D:\MESH\CH592EVT\EVT\EXAM\BLE\MESH\MESH_LIB\libMESH.a(mesh_health_srv.o)
 .text.health_period_get
                0x000000000000bd1c        0xc D:\MESH\CH592EVT\EVT\EXAM\BLE\MESH\MESH_LIB\libMESH.a(mesh_health_srv.o)
 .text.health_fault_test_unack
                0x000000000000bd28       0x38 D:\MESH\CH592EVT\EVT\EXAM\BLE\MESH\MESH_LIB\libMESH.a(mesh_health_srv.o)
 .text.health_fault_clear_unack
                0x000000000000bd60       0x22 D:\MESH\CH592EVT\EVT\EXAM\BLE\MESH\MESH_LIB\libMESH.a(mesh_health_srv.o)
 .text.health_get_registered
                0x000000000000bd82       0x76 D:\MESH\CH592EVT\EVT\EXAM\BLE\MESH\MESH_LIB\libMESH.a(mesh_health_srv.o)
 .text.health_fault_test
                0x000000000000bdf8       0x48 D:\MESH\CH592EVT\EVT\EXAM\BLE\MESH\MESH_LIB\libMESH.a(mesh_health_srv.o)
 .text.health_fault_clear
                0x000000000000be40       0x50 D:\MESH\CH592EVT\EVT\EXAM\BLE\MESH\MESH_LIB\libMESH.a(mesh_health_srv.o)
 .text.health_fault_get
                0x000000000000be90       0x42 D:\MESH\CH592EVT\EVT\EXAM\BLE\MESH\MESH_LIB\libMESH.a(mesh_health_srv.o)
 .text.health_srv_init
                0x000000000000bed2       0x50 D:\MESH\CH592EVT\EVT\EXAM\BLE\MESH\MESH_LIB\libMESH.a(mesh_health_srv.o)
 .text.health_pub_update
                0x000000000000bf22       0xbc D:\MESH\CH592EVT\EVT\EXAM\BLE\MESH\MESH_LIB\libMESH.a(mesh_health_srv.o)
 .text.bt_mesh_attention
                0x000000000000bfde       0x5c D:\MESH\CH592EVT\EVT\EXAM\BLE\MESH\MESH_LIB\libMESH.a(mesh_health_srv.o)
                0x000000000000bfde                bt_mesh_attention
 .text.attention_set_unack
                0x000000000000c03a       0x18 D:\MESH\CH592EVT\EVT\EXAM\BLE\MESH\MESH_LIB\libMESH.a(mesh_health_srv.o)
 .text.attention_set
                0x000000000000c052       0x18 D:\MESH\CH592EVT\EVT\EXAM\BLE\MESH\MESH_LIB\libMESH.a(mesh_health_srv.o)
 .text.bt_mesh_atomic_test_bit
                0x000000000000c06a        0xa D:\MESH\CH592EVT\EVT\EXAM\BLE\MESH\MESH_LIB\libMESH.a(mesh_lpn.o)
 .text.send_friend_poll
                0x000000000000c074       0xba D:\MESH\CH592EVT\EVT\EXAM\BLE\MESH\MESH_LIB\libMESH.a(mesh_lpn.o)
 .text.sub_update
                0x000000000000c12e      0x17e D:\MESH\CH592EVT\EVT\EXAM\BLE\MESH\MESH_LIB\libMESH.a(mesh_lpn.o)
 .text.clear_friendship
                0x000000000000c2ac      0x1a2 D:\MESH\CH592EVT\EVT\EXAM\BLE\MESH\MESH_LIB\libMESH.a(mesh_lpn.o)
 .text.req_sent
                0x000000000000c44e       0x74 D:\MESH\CH592EVT\EVT\EXAM\BLE\MESH\MESH_LIB\libMESH.a(mesh_lpn.o)
 .text.friend_clear_sent
                0x000000000000c4c2       0x58 D:\MESH\CH592EVT\EVT\EXAM\BLE\MESH\MESH_LIB\libMESH.a(mesh_lpn.o)
 .text.friend_response_received.constprop.5
                0x000000000000c51a       0x6c D:\MESH\CH592EVT\EVT\EXAM\BLE\MESH\MESH_LIB\libMESH.a(mesh_lpn.o)
 .text.bt_mesh_lpn_poll
                0x000000000000c586       0x1c D:\MESH\CH592EVT\EVT\EXAM\BLE\MESH\MESH_LIB\libMESH.a(mesh_lpn.o)
                0x000000000000c586                bt_mesh_lpn_poll
 .text.bt_mesh_lpn_disable
                0x000000000000c5a2       0x1c D:\MESH\CH592EVT\EVT\EXAM\BLE\MESH\MESH_LIB\libMESH.a(mesh_lpn.o)
                0x000000000000c5a2                bt_mesh_lpn_disable
 .text.bt_mesh_lpn_group_add
                0x000000000000c5be       0x7a D:\MESH\CH592EVT\EVT\EXAM\BLE\MESH\MESH_LIB\libMESH.a(mesh_lpn.o)
                0x000000000000c5be                bt_mesh_lpn_group_add
 .text.bt_mesh_lpn_group_del
                0x000000000000c638       0xac D:\MESH\CH592EVT\EVT\EXAM\BLE\MESH\MESH_LIB\libMESH.a(mesh_lpn.o)
                0x000000000000c638                bt_mesh_lpn_group_del
 .text.bt_mesh_lpn_msg_received
                0x000000000000c6e4       0x20 D:\MESH\CH592EVT\EVT\EXAM\BLE\MESH\MESH_LIB\libMESH.a(mesh_lpn.o)
                0x000000000000c6e4                bt_mesh_lpn_msg_received
 .text.get_lsb_set
                0x000000000000c704       0x24 D:\MESH\CH592EVT\EVT\EXAM\BLE\MESH\MESH_LIB\libMESH.a(mesh_mem.o)
                0x000000000000c704                get_lsb_set
 .text.get_msb_set
                0x000000000000c728       0x22 D:\MESH\CH592EVT\EVT\EXAM\BLE\MESH\MESH_LIB\libMESH.a(mesh_mem.o)
                0x000000000000c728                get_msb_set
 .text.n_malloc
                0x000000000000c74a       0xa2 D:\MESH\CH592EVT\EVT\EXAM\BLE\MESH\MESH_LIB\libMESH.a(mesh_mem.o)
                0x000000000000c74a                n_malloc
 .text.mesh_mem_init
                0x000000000000c7ec       0x1e D:\MESH\CH592EVT\EVT\EXAM\BLE\MESH\MESH_LIB\libMESH.a(mesh_mem.o)
                0x000000000000c7ec                mesh_mem_init
 .text.bt_mesh_subnet_get.part.2
                0x000000000000c80a       0x38 D:\MESH\CH592EVT\EVT\EXAM\BLE\MESH\MESH_LIB\libMESH.a(mesh_net.o)
 .text.net_decrypt.isra.1
                0x000000000000c842      0x138 D:\MESH\CH592EVT\EVT\EXAM\BLE\MESH\MESH_LIB\libMESH.a(mesh_net.o)
 .text._set_mesh_net_buf
                0x000000000000c97a      0x144 D:\MESH\CH592EVT\EVT\EXAM\BLE\MESH\MESH_LIB\libMESH.a(mesh_net.o)
                0x000000000000c97a                _set_mesh_net_buf
 .text.bt_mesh_is_provisioned
                0x000000000000cabe        0xe D:\MESH\CH592EVT\EVT\EXAM\BLE\MESH\MESH_LIB\libMESH.a(mesh_net.o)
                0x000000000000cabe                bt_mesh_is_provisioned
 .text.bt_mesh_subnet_get
                0x000000000000cacc       0x22 D:\MESH\CH592EVT\EVT\EXAM\BLE\MESH\MESH_LIB\libMESH.a(mesh_net.o)
                0x000000000000cacc                bt_mesh_subnet_get
 .text.bt_mesh_net_flags
                0x000000000000caee       0x24 D:\MESH\CH592EVT\EVT\EXAM\BLE\MESH\MESH_LIB\libMESH.a(mesh_net.o)
                0x000000000000caee                bt_mesh_net_flags
 .text.bt_mesh_net_beacon_update
                0x000000000000cb12       0x38 D:\MESH\CH592EVT\EVT\EXAM\BLE\MESH\MESH_LIB\libMESH.a(mesh_net.o)
                0x000000000000cb12                bt_mesh_net_beacon_update
 .text.bt_mesh_net_iv_update
                0x000000000000cb4a      0x176 D:\MESH\CH592EVT\EVT\EXAM\BLE\MESH\MESH_LIB\libMESH.a(mesh_net.o)
                0x000000000000cb4a                bt_mesh_net_iv_update
 .text.ivu_refresh
                0x000000000000ccc0       0x7a D:\MESH\CH592EVT\EVT\EXAM\BLE\MESH\MESH_LIB\libMESH.a(mesh_net.o)
 .text.bt_mesh_net_revoke_keys
                0x000000000000cd3a       0x88 D:\MESH\CH592EVT\EVT\EXAM\BLE\MESH\MESH_LIB\libMESH.a(mesh_net.o)
                0x000000000000cd3a                bt_mesh_net_revoke_keys
 .text.bt_mesh_net_sec_update
                0x000000000000cdc2       0x42 D:\MESH\CH592EVT\EVT\EXAM\BLE\MESH\MESH_LIB\libMESH.a(mesh_net.o)
                0x000000000000cdc2                bt_mesh_net_sec_update
 .text.bt_mesh_next_seq
                0x000000000000ce04       0x58 D:\MESH\CH592EVT\EVT\EXAM\BLE\MESH\MESH_LIB\libMESH.a(mesh_net.o)
                0x000000000000ce04                bt_mesh_next_seq
 .text.bt_mesh_msg_cache_clear
                0x000000000000ce5c       0x52 D:\MESH\CH592EVT\EVT\EXAM\BLE\MESH\MESH_LIB\libMESH.a(mesh_net.o)
                0x000000000000ce5c                bt_mesh_msg_cache_clear
 .text.bt_mesh_net_decode
                0x000000000000ceae      0x31a D:\MESH\CH592EVT\EVT\EXAM\BLE\MESH\MESH_LIB\libMESH.a(mesh_net.o)
                0x000000000000ceae                bt_mesh_net_decode
 .text.bt_mesh_net_recv
                0x000000000000d1c8      0x2b4 D:\MESH\CH592EVT\EVT\EXAM\BLE\MESH\MESH_LIB\libMESH.a(mesh_net.o)
                0x000000000000d1c8                bt_mesh_net_recv
 .text.bt_mesh_net_local
                0x000000000000d47c       0x2e D:\MESH\CH592EVT\EVT\EXAM\BLE\MESH\MESH_LIB\libMESH.a(mesh_net.o)
 .text.bt_mesh_net_keys_create
                0x000000000000d4aa       0x7e D:\MESH\CH592EVT\EVT\EXAM\BLE\MESH\MESH_LIB\libMESH.a(mesh_net.o)
                0x000000000000d4aa                bt_mesh_net_keys_create
 .text.bt_mesh_net_create
                0x000000000000d528       0xba D:\MESH\CH592EVT\EVT\EXAM\BLE\MESH\MESH_LIB\libMESH.a(mesh_net.o)
                0x000000000000d528                bt_mesh_net_create
 .text.friend_cred_clear
                0x000000000000d5e2       0x26 D:\MESH\CH592EVT\EVT\EXAM\BLE\MESH\MESH_LIB\libMESH.a(mesh_net.o)
                0x000000000000d5e2                friend_cred_clear
 .text.friend_cred_del
                0x000000000000d608       0x50 D:\MESH\CH592EVT\EVT\EXAM\BLE\MESH\MESH_LIB\libMESH.a(mesh_net.o)
                0x000000000000d608                friend_cred_del
 .text.friend_cred_set
                0x000000000000d658       0xa0 D:\MESH\CH592EVT\EVT\EXAM\BLE\MESH\MESH_LIB\libMESH.a(mesh_net.o)
                0x000000000000d658                friend_cred_set
 .text.friend_cred_get
                0x000000000000d6f8       0xa0 D:\MESH\CH592EVT\EVT\EXAM\BLE\MESH\MESH_LIB\libMESH.a(mesh_net.o)
                0x000000000000d6f8                friend_cred_get
 .text.bt_mesh_net_encode
                0x000000000000d798      0x16a D:\MESH\CH592EVT\EVT\EXAM\BLE\MESH\MESH_LIB\libMESH.a(mesh_net.o)
                0x000000000000d798                bt_mesh_net_encode
 .text.bt_mesh_net_send
                0x000000000000d902      0x100 D:\MESH\CH592EVT\EVT\EXAM\BLE\MESH\MESH_LIB\libMESH.a(mesh_net.o)
                0x000000000000d902                bt_mesh_net_send
 .text.friend_cred_update
                0x000000000000da02       0x52 D:\MESH\CH592EVT\EVT\EXAM\BLE\MESH\MESH_LIB\libMESH.a(mesh_net.o)
                0x000000000000da02                friend_cred_update
 .text.friend_cred_refresh
                0x000000000000da54       0x4a D:\MESH\CH592EVT\EVT\EXAM\BLE\MESH\MESH_LIB\libMESH.a(mesh_net.o)
                0x000000000000da54                friend_cred_refresh
 .text.bt_mesh_kr_update
                0x000000000000da9e       0x6c D:\MESH\CH592EVT\EVT\EXAM\BLE\MESH\MESH_LIB\libMESH.a(mesh_net.o)
                0x000000000000da9e                bt_mesh_kr_update